# /var/lib/suricata/rules/domains_iocs.lst
c2psZC5jb2ctd2hpdHRsZS5ydQ==
bm9kZTAuY29nLXdoaXR0bGUucnU=
Y29nLmdyMXp6bGVwYWQucnU=
eGFwLmdyMXp6bGVwYWQucnU=
d2VhLnphcHRvLm9yZw==
Y2l2by5ncjF6emxlcGFkLnJ1
dm1yM2Fic2QuZGRucy5uZXQ=
dHJhaWw4LmdyMXp6bGVwYWQucnU=
Z2xpZGUyLnZleGxhdGNoLnJ1
a2Vyd3AudmV4bGF0Y2gucnU=
ZG44ejQudmV4bGF0Y2gucnU=
cGx1bWUudmV4bGF0Y2gucnU=
ZzMucGxhc21hYm91dC5ydQ==
YW5jaG9yLnBsYXNtYWJvdXQucnU=
Z3JpZC5wbGFzbWFib3V0LnJ1
djUucGxhc21hYm91dC5ydQ==
ZmlsZS5vc3MtZmxhc2guc2hvcA==
ZmxwMy5zdDFsdGZvcmdlLnJ1
cGFkLnN0MWx0Zm9yZ2UucnU=
dHIuc3QxbHRmb3JnZS5ydQ==
MWVmeXMuc3QxbHRmb3JnZS5ydQ==
bGFicy5jb2d3aGl0dGxlLnJ1
NzFreHIuY29nd2hpdHRsZS5ydQ==
ZzQuY29nd2hpdHRsZS5ydQ==
ODYuY29nd2hpdHRsZS5ydQ==
a29ybi5zYWdlaG9sbG93LnJ1
d2Vpc3Muc2FnZWhvbGxvdy5ydQ==
dGF1LnNhZ2Vob2xsb3cucnU=
c3Rlcm4ub3R0ZXJjcmVzdC5ydQ==
cnVuZS5vdHRlcmNyZXN0LnJ1
Zmx1c3Mub3R0ZXJjcmVzdC5ydQ==
aG9yLm1vbWVudHNmb3JtZS5pbmZv
aG9yLmNsYXNob2ZtYXBzLnZpcA==
ZnJ4LmNsYXNob2ZtYXBzLnZpcA==
ZHVuZS5vdHRlcmNyZXN0LnJ1
d2FsZC5vdHRlcmNyZXN0LnJ1
cmF1Y2guc3RvbmVoYXJib3IucnU=
a2FtbS5zdG9uZWhhcmJvci5ydQ==
bW9uZC5zdG9uZWhhcmJvci5ydQ==
dWZlci5zdG9uZWhhcmJvci5ydQ==
YWRsZXIuZ2xhZGVjcm93bi5ydQ==
c3R1cm0uZ2xhZGVjcm93bi5ydQ==
YmlyY2guZ2xhZGVjcm93bi5ydQ==
d2Vpc3MuZmFsY29ubW9vci5ydQ==
YmFjaC5mYWxjb25tb29yLnJ1
a3JvbmUuZmFsY29ubW9vci5ydQ==
cGVyc2lzdGFuY2Vqcy5zdG9yZQ==
ZnVuLWNvbnRpbnVpdHkuZ2wuYXQucGx5Lmdn
dGFsLmZhbGNvbm1vb3IucnU=
amF5ZGUuc2VydmVodHRwLmNvbQ==
ZG9tbzIyMjIuZHVja2Rucy5vcmc=
djMubmFocHJvamVjdC5jb20=
d29sa2UuZmFsY29ubW9vci5ydQ==
bGljaHQuYnJhbWJsZXF1ZWxsLnJ1
cmVjZW5qYy5xcG9u
ZmFtaWxqdy5xcG9u
YWNjb3VudC1jYXB0Y2hhcHVsc2UuY29t
bWlqa2FyLmNvbQ==
YWNjb3VudC1leHRyYW5ldHB1bHNlLmNvbQ==
YWNjb3VudC1wYXJ0bmVyLmNvbQ==
YWNjb3VudC1jYXB0Y2hhcHVsc2UuaW5mbw==
c29ueWFyYWZmZXJ0eS5jb20=
Y2l2aWNsZWFndWUubmV0
b21tYW5pbGVnZW5kLmNvbQ==
c2VjdXJlLmhvc3RzdGV3YXJ0LmNvbQ==
c3VwcmFraW5pbmktNTA3OTMucG9ydG1hcC5ob3N0
ZGVhdGgtY2hyaXN0LmdsLmF0LnBseS5nZw==
d2ludGVyZmFsbC5kZG5zLm5ldA==
ZWljaGUuYnJhbWJsZXF1ZWxsLnJ1
dWZlci5icmFtYmxlcXVlbGwucnU=
ZmVscy5icmFtYmxlcXVlbGwucnU=
Z2xlaXMuZGF3bmZvcmdlLnJ1
dGF1LmRhd25mb3JnZS5ydQ==
c3Rlcm4uZGF3bmZvcmdlLnJ1
bGljaHQubWVybGluY29wc2UucnU=
d2VhbGQubWVybGluY29wc2UucnU=
a29ybi5tZXJsaW5jb3BzZS5ydQ==
YmFjaC5tZXJsaW5jb3BzZS5ydQ==
bmViZWwubWVybGluY29wc2UucnU=
d2luZC5jYWlybnN0ZWcucnU=
YWRsZXIuY2Fpcm5zdGVnLnJ1
bW9vcy5jYWlybnN0ZWcucnU=
dGFsLmhlYXRoZXJwYXNzLnJ1
a2xlZS5oZWF0aGVycGFzcy5ydQ==
YmFjaC5oZWF0aGVycGFzcy5ydQ==
YXBpLmFzZHVpYXNkMTJhYi54eXo=
d29sa2UuaGVhdGhlcnBhc3MucnU=
aW5qajgua2luay1iZWxsb3cucnU=
Z3guYnJheWNpcmN1aXQucnU=
ZHJpZnQ4LmJyYXljaXJjdWl0LnJ1
cXVhcmsuYnJheWNpcmN1aXQucnU=
anAuYnJheWNpcmN1aXQucnU=
YmF5LnNwaW5kbGUtd2F5LnJ1
aGNrLnNwaW5kbGUtd2F5LnJ1
c3Bhcmsuc3BpbmRsZS13YXkucnU=
aTguc3BpbmRsZS13YXkucnU=
cmlmdDcucXVpYnNuYXJlLnJ1
ang3eS5xdWlic25hcmUucnU=
Nmp0ZzQucXVpYnNuYXJlLnJ1
bGFicy5xdWlic25hcmUucnU=
dzllbC5ob3Zlci1taW50LnJ1
bXJyeXEuaG92ZXItbWludC5ydQ==
cTVjdC5ob3Zlci1taW50LnJ1
Z3RsLmhvdmVyLW1pbnQucnU=
a3Z0LmdsMW50ZXJiYXkucnU=
Z2xpZGUuZ2wxbnRlcmJheS5ydQ==
Y2lyY3VpdC5nbDFudGVyYmF5LnJ1
amtmMi5nbDFudGVyYmF5LnJ1
Z2xlYW0uY2wxcHBsZWFwLnJ1
emduYS5jbDFwcGxlYXAucnU=
am92LmNsMXBwbGVhcC5ydQ==
MWNzci5jbDFwcGxlYXAucnU=
bWFyYmxlNS5zcGluZGxld2F5LnJ1
aGtuZ2ouc3BpbmRsZXdheS5ydQ==
ZGwuc3BpbmRsZXdheS5ydQ==
cHVhNC5zcGluZGxld2F5LnJ1
NnB6LmJyYXktY2lyY3VpdC5ydQ==
Y3Jlc3QuYnJheS1jaXJjdWl0LnJ1
bm9kZS5icmF5LWNpcmN1aXQucnU=
czhsLmJyYXktY2lyY3VpdC5ydQ==
ZmxpcC50dW5kcmEtZmxpcC5ydQ==
dXZ1NjAudHVuZHJhLWZsaXAucnU=
bWFyYmxlLnR1bmRyYS1mbGlwLnJ1
NGEudHVuZHJhLWZsaXAucnU=
MHh3ZG4ubWFyYmxlLXR1Zy5ydQ==
Z2x2Ny5tYXJibGUtdHVnLnJ1
c2hhcmQubWFyYmxlLXR1Zy5ydQ==
Y29yZS5zMGFwdGhvcm4ucnU=
MWwuczBhcHRob3JuLnJ1
YWJ6NTIuczBhcHRob3JuLnJ1
bWVzaC5zMGFwdGhvcm4ucnU=
Nmtkby5ob3Zlcm1pbnQucnU=
cTkuaG92ZXJtaW50LnJ1
dmFsZS5ob3Zlcm1pbnQucnU=
ZzQuaG92ZXJtaW50LnJ1
cGhhc2UzLnR1bmRyYWZsaXAucnU=
Y2x1Yi1tb3JnYW4uZ2wuYXQucGx5Lmdn
ZGwuMzYwc2FmZS5jb20=
dG9vbHMuc29mdC4zNjAuY24=
ZGZnZGZnaGdoZmhmaC5jb24taXAuY29t
c3VpZWl1c2l1ZWl1aXV1c2hnZi5ydQ==
c3VpZWl1c2l1ZWl1aXV1c2hnZmYuc3U=
c3VpZWl1c2l1ZWl1aXV1c2hnZmwuY29t
c3VpZWl1c2l1ZWl1aXV1c2hnZnIubmV0
c3VpZWl1c2l1ZWl1aXV1c2hnZnUuaW5mbw==
c2ZzaXVoaWVnaGF1Z2hhb2Vob3guYml6
c2lzb2VmanN1aHVoYXVkaGhlZC5ydQ==
c2lzb2VmanN1aHVoYXVkaGhlZGYuc3U=
c2lzb2VmanN1aHVoYXVkaGhlZGwuY29t
c2lzb2VmanN1aHVoYXVkaGhlZHIubmV0
c2lzb2VmanN1aHVoYXVkaGhlZHUuaW5mbw==
c2xwc3JncHNyaG9qaWZkaWouaW4=
c2xwc3JncHNyaG9qaWZkaWoucnU=
c2xwc3JncHNyaG9qaWZkaWouc3U=
c3Jnb3Vvc2Vob2hlZG9oYWVvaC5ydQ==
c3Jnb3Vvc2Vob2hlZG9oYWVvaGYuc3U=
c3Jnb3Vvc2Vob2hlZG9oYWVvaGwuY29t
c3Jnb3Vvc2Vob2hlZG9oYWVvaHIubmV0
c3Jnb3Vvc2Vob2hlZG9oYWVvaHUuaW5mbw==
c3Jnb3Vvc2Vob2hlZG9oYWVvaHguYml6
c3JuZG5kdWJzYnNpZnVyZmQuaW4=
c3JuZG5kdWJzYnNpZnVyZmQucnU=
c3JuZG5kdWJzYnNpZnVyZmQuc3U=
c3NvZmhvc2V1ZWdzZ3JmbmouaW4=
c3NvZmhvc2V1ZWdzZ3Jmbmouc3U=
c3NvZmhvc2V1ZWdzZ3JmbnUucnU=
cmdyc2hvdXNub2RiZXVhYmdyaGwuY29t
cmdyc2hvdXNub2RiZXVhYmdyaHIubmV0
cmdyc2hvdXNub2RiZXVhYmdyaHUuaW5mbw==
cmdyc2hvdXNub2RiZXVhYmdyaHguYml6
cmdzb3VoZG9hdWVub2RhZXVmYi5ydQ==
cmdzb3VoZG9hdWVub2RhZXVmYmYuc3U=
cmdzb3VoZG9hdWVub2RhZXVmYmwuY29t
cmdzb3VoZG9hdWVub2RhZXVmYnIubmV0
cmdzb3VoZG9hdWVub2RhZXVmYnUuaW5mbw==
cmdzb3VoZG9hdWVub2RhZXVmYnguYml6
c2ZpdXNoaWRoc2VpdWdpdXNlaC5ydQ==
c2ZpdXNoaWRoc2VpdWdpdXNlaGYuc3U=
c2ZpdXNoaWRoc2VpdWdpdXNlaGwuY29t
c2ZpdXNoaWRoc2VpdWdpdXNlaHIubmV0
c2ZpdXNoaWRoc2VpdWdpdXNlaHUuaW5mbw==
c2ZpdXNoaWRoc2VpdWdpdXNlaHguYml6
c2ZzaXVoaWVnaGF1Z2hhb2Voby5ydQ==
c2ZzaXVoaWVnaGF1Z2hhb2Vob2Yuc3U=
c2ZzaXVoaWVnaGF1Z2hhb2Vob2wuY29t
c2ZzaXVoaWVnaGF1Z2hhb2Vob3IubmV0
c2ZzaXVoaWVnaGF1Z2hhb2Vob3UuaW5mbw==
cGxwYWVkamFvZmhlYWdvYWhkZy5ydQ==
cGxwYWVkamFvZmhlYWdvYWhkZ2Yuc3U=
cGxwYWVkamFvZmhlYWdvYWhkZ2wuY29t
cGxwYWVkamFvZmhlYWdvYWhkZ3IubmV0
cGxwYWVkamFvZmhlYWdvYWhkZ3UuaW5mbw==
cGxwYWVkamFvZmhlYWdvYWhkZ3guYml6
cmdpamlyc2hpc2pyaWlqZGlqaC5ydQ==
cmdpamlyc2hpc2pyaWlqZGlqaGYuc3U=
cmdpamlyc2hpc2pyaWlqZGlqaGwuY29t
cmdpamlyc2hpc2pyaWlqZGlqaHIubmV0
cmdpamlyc2hpc2pyaWlqZGlqaHUuaW5mbw==
cmdpamlyc2hpc2pyaWlqZGlqaHguYml6
cmdvb25lZG9hdW5ldW9lYnVhZS5ydQ==
cmdvb25lZG9hdW5ldW9lYnVhZWYuc3U=
cmdvb25lZG9hdW5ldW9lYnVhZWwuY29t
cmdvb25lZG9hdW5ldW9lYnVhZXIubmV0
cmdvb25lZG9hdW5ldW9lYnVhZXUuaW5mbw==
cmdvb25lZG9hdW5ldW9lYnVhZXguYml6
cmdyc2hvdXNub2RiZXVhYmdyaC5ydQ==
cmdyc2hvdXNub2RiZXVhYmdyaGYuc3U=
b2llb2FpZGhoYWlkaGllaGhlZ3IubmV0
b2llb2FpZGhoYWlkaGllaGhlZ3UuaW5mbw==
b2llb2FpZGhoYWlkaGllaGhlZ3guYml6
b3BsbGZvcmdpcnNvb2Z1aG9odS5ydQ==
b3BsbGZvcmdpcnNvb2Z1aG9odWYuc3U=
b3BsbGZvcmdpcnNvb2Z1aG9odWwuY29t
b3BsbGZvcmdpcnNvb2Z1aG9odXIubmV0
b3BsbGZvcmdpcnNvb2Z1aG9odXUuaW5mbw==
b3BsbGZvcmdpcnNvb2Z1aG9odXguYml6
b3Jzb2Rhb3VvdWFlYnVmYmVvYi5ydQ==
b3Jzb2Rhb3VvdWFlYnVmYmVvYmYuc3U=
b3Jzb2Rhb3VvdWFlYnVmYmVvYmwuY29t
b3Jzb2Rhb3VvdWFlYnVmYmVvYnIubmV0
b3Jzb2Rhb3VvdWFlYnVmYmVvYnUuaW5mbw==
b3Jzb2Rhb3VvdWFlYnVmYmVvYnguYml6
b3NoZW91Zmh1c2hlb2dodWVzZC5ydQ==
b3NoZW91Zmh1c2hlb2dodWVzZGYuc3U=
b3NoZW91Zmh1c2hlb2dodWVzZGwuY29t
b3NoZW91Zmh1c2hlb2dodWVzZHIubmV0
b3NoZW91Zmh1c2hlb2dodWVzZHUuaW5mbw==
b3NoZW91Zmh1c2hlb2dodWVzZHguYml6
b2Vmb3NmaXNoaXVkaGl1c2VnZi5ydQ==
b2Vmb3NmaXNoaXVkaGl1c2VnZmYuc3U=
b2Vmb3NmaXNoaXVkaGl1c2VnZmwuY29t
b2Vmb3NmaXNoaXVkaGl1c2VnZnIubmV0
b2Vmb3NmaXNoaXVkaGl1c2VnZnUuaW5mbw==
b2Vmb3NmaXNoaXVkaGl1c2VnZnguYml6
b2VpaWVpZWlzaWpkaW5naXNnZi5ydQ==
b2VpaWVpZWlzaWpkaW5naXNnZmYuc3U=
b2VpaWVpZWlzaWpkaW5naXNnZmwuY29t
b2VpaWVpZWlzaWpkaW5naXNnZnIubmV0
b2VpaWVpZWlzaWpkaW5naXNnZnUuaW5mbw==
b2VpaWVpZWlzaWpkaW5naXNnZnguYml6
b2ZoZW9mb3N1Z3VzZ2h1aHVzaC5ydQ==
b2ZoZW9mb3N1Z3VzZ2h1aHVzaGYuc3U=
b2ZoZW9mb3N1Z3VzZ2h1aHVzaGwuY29t
b2ZoZW9mb3N1Z3VzZ2h1aHVzaHIubmV0
b2ZoZW9mb3N1Z3VzZ2h1aHVzaHUuaW5mbw==
b2ZoZW9mb3N1Z3VzZ2h1aHVzaHguYml6
b2llb2FpZGhoYWlkaGllaGhlZy5ydQ==
b2llb2FpZGhoYWlkaGllaGhlZ2Yuc3U=
b2llb2FpZGhoYWlkaGllaGhlZ2wuY29t
bmFpYmZpYWhkaWF1ZWhpaGhyZWYuc3U=
bmFpYmZpYWhkaWF1ZWhpaGhyZWwuY29t
bmFpYmZpYWhkaWF1ZWhpaGhyZXIubmV0
bmFpYmZpYWhkaWF1ZWhpaGhyZXUuaW5mbw==
bmFpYmZpYWhkaWF1ZWhpaGhyZXguYml6
bmFpZWJpYWlmemdmYWV6Z2R6ci5ydQ==
bmFpZWJpYWlmemdmYWV6Z2R6cmYuc3U=
bmFpZWJpYWlmemdmYWV6Z2R6cmwuY29t
bmFpZWJpYWlmemdmYWV6Z2R6cnIubmV0
bmFpZWJpYWlmemdmYWV6Z2R6cnUuaW5mbw==
bmFpZWJpYWlmemdmYWV6Z2R6cnguYml6
bm5vc29zb29zamZldWh1ZXUuaW4=
bm5vc29zb29zamZldWh1ZXUucnU=
bm5vc29zb29zamZldWh1ZXUuc3U=
bm9ldWFvZW5yaXVzZmlydXUuaW4=
bm9ldWFvZW5yaXVzZmlydXUucnU=
bm9ldWFvZW5yaXVzZmlydXUuc3U=
bm91c2lpZWlmZmdvZ29nb28uaW4=
bm91c2lpZWlmZmdvZ29nb28ucnU=
bm91c2lpZWlmZmdvZ29nb28uc3U=
Z3VhZXVkdWVhZW5ubmFlbnVlbnguYml6
Z3VoYW9oYWR1ZW9hbmF2YnZiZi5ydQ==
Z3VoYW9oYWR1ZW9hbmF2YnZiZmYuc3U=
Z3VoYW9oYWR1ZW9hbmF2YnZiZmwuY29t
Z3VoYW9oYWR1ZW9hbmF2YnZiZnIubmV0
Z3VoYW9oYWR1ZW9hbmF2YnZiZnUuaW5mbw==
Z3VoYW9oYWR1ZW9hbmF2YnZiZnguYml6
aHBwdGxocHRka29vZHNva2RrZS5ydQ==
aHBwdGxocHRka29vZHNva2RrZWYuc3U=
aHBwdGxocHRka29vZHNva2RrZWwuY29t
aHBwdGxocHRka29vZHNva2RrZXIubmV0
aHBwdGxocHRka29vZHNva2RrZXUuaW5mbw==
aHBwdGxocHRka29vZHNva2RrZXguYml6
aXVpcnNocml1aXNydXJ1dWYucnU=
aXVpcnNocml1aXNydXJ1dWYuc3U=
bW1naW5zaXJpZG5zaW5uc2dpci5ydQ==
bW1naW5zaXJpZG5zaW5uc2dpcmYuc3U=
bW1naW5zaXJpZG5zaW5uc2dpcmwuY29t
bW1naW5zaXJpZG5zaW5uc2dpcnIubmV0
bW1naW5zaXJpZG5zaW5uc2dpcnUuaW5mbw==
bW1naW5zaXJpZG5zaW5uc2dpcnguYml6
bmFpYmZpYWhkaWF1ZWhpaGhyZS5ydQ==
Z25hdW9iZHdvYmZhdW9nb3VoZWYuc3U=
Z25hdW9iZHdvYmZhdW9nb3VoZWwuY29t
Z25hdW9iZHdvYmZhdW9nb3VoZXIubmV0
Z25hdW9iZHdvYmZhdW9nb3VoZXUuaW5mbw==
Z25hdW9iZHdvYmZhdW9nb3VoZXguYml6
Z29hdWhvZWRub2F1ZW91YWJiZS5ydQ==
Z29hdWhvZWRub2F1ZW91YWJiZWYuc3U=
Z29hdWhvZWRub2F1ZW91YWJiZWwuY29t
Z29hdWhvZWRub2F1ZW91YWJiZXIubmV0
Z29hdWhvZWRub2F1ZW91YWJiZXUuaW5mbw==
Z29hdWhvZWRub2F1ZW91YWJiZXguYml6
Z291YW9uZG9hdWRiYWVib2JndS5ydQ==
Z291YW9uZG9hdWRiYWVib2JndWYuc3U=
Z291YW9uZG9hdWRiYWVib2JndWwuY29t
Z291YW9uZG9hdWRiYWVib2JndXIubmV0
Z291YW9uZG9hdWRiYWVib2JndXUuaW5mbw==
Z291YW9uZG9hdWRiYWVib2JndXguYml6
Z3VhZXVkdWVhZW5ubmFlbnVlbi5ydQ==
Z3VhZXVkdWVhZW5ubmFlbnVlbmYuc3U=
Z3VhZXVkdWVhZW5ubmFlbnVlbmwuY29t
Z3VhZXVkdWVhZW5ubmFlbnVlbnIubmV0
Z3VhZXVkdWVhZW5ubmFlbnVlbnUuaW5mbw==
Z2phbmVhb2RvdW5hb2Vvbmd1bnIubmV0
Z2phbmVhb2RvdW5hb2Vvbmd1bnUuaW5mbw==
Z2phbmVhb2RvdW5hb2Vvbmd1bnguYml6
Z21uZGF1ZG5haGdhaGdoYW9oaC5ydQ==
Z21uZGF1ZG5haGdhaGdoYW9oaGYuc3U=
Z21uZGF1ZG5haGdhaGdoYW9oaGwuY29t
Z21uZGF1ZG5haGdhaGdoYW9oaHIubmV0
Z21uZGF1ZG5haGdhaGdoYW9oaHUuaW5mbw==
Z21uZGF1ZG5haGdhaGdoYW9oaHguYml6
Z25hZWRub3VlYmFvdWJlZm91Yi5ydQ==
Z25hZWRub3VlYmFvdWJlZm91YmYuc3U=
Z25hZWRub3VlYmFvdWJlZm91YmwuY29t
Z25hZWRub3VlYmFvdWJlZm91YnIubmV0
Z25hZWRub3VlYmFvdWJlZm91YnUuaW5mbw==
Z25hZWRub3VlYmFvdWJlZm91YnguYml6
Z25hb2Vkb2Fvb3VuYXV1YnVldS5ydQ==
Z25hb2Vkb2Fvb3VuYXV1YnVldWYuc3U=
Z25hb2Vkb2Fvb3VuYXV1YnVldWwuY29t
Z25hb2Vkb2Fvb3VuYXV1YnVldXIubmV0
Z25hb2Vkb2Fvb3VuYXV1YnVldXUuaW5mbw==
Z25hb2Vkb2Fvb3VuYXV1YnVldXguYml6
Z25hdW9iZHdvYmZhdW9nb3VoZS5ydQ==
Z2JvYXVhYmVkb2dvYXVnYWVoeXUuaW5mbw==
Z2JvYmFlYmFvZGVidW91ZW9mdS5ydQ==
Z2JvYmFlYmFvZGVidW91ZW9mdWYuc3U=
Z2JvYmFlYmFvZGVidW91ZW9mdWwuY29t
Z2JvYmFlYmFvZGVidW91ZW9mdXIubmV0
Z2JvYmFlYmFvZGVidW91ZW9mdXUuaW5mbw==
Z2JvYmFlYmFvZGVidW91ZW9mdXguYml6
Z2lvaHVvYWVoZG91ZW9mYmF1ci5ydQ==
Z2lvaHVvYWVoZG91ZW9mYmF1cmYuc3U=
Z2lvaHVvYWVoZG91ZW9mYmF1cmwuY29t
Z2lvaHVvYWVoZG91ZW9mYmF1cnIubmV0
Z2lvaHVvYWVoZG91ZW9mYmF1cnUuaW5mbw==
Z2lvaHVvYWVoZG91ZW9mYmF1cnguYml6
Z2l1YWhmb2FvZXViZm91YWVuYS5ydQ==
Z2l1YWhmb2FvZXViZm91YWVuYWYuc3U=
Z2l1YWhmb2FvZXViZm91YWVuYWwuY29t
Z2l1YWhmb2FvZXViZm91YWVuYXIubmV0
Z2l1YWhmb2FvZXViZm91YWVuYXUuaW5mbw==
Z2l1YWhmb2FvZXViZm91YWVuYXguYml6
Z2phbmVhb2RvdW5hb2Vvbmd1bi5ydQ==
Z2phbmVhb2RvdW5hb2Vvbmd1bmYuc3U=
Z2phbmVhb2RvdW5hb2Vvbmd1bmwuY29t
Zm9hZW9kaGV1YWJndWFlZ3VicnIubmV0
Zm9hZW9kaGV1YWJndWFlZ3VicnUuaW5mbw==
Zm9hZW9kaGV1YWJndWFlZ3VicnguYml6
ZnVhaXVlYm5kaWV1ZmV1ZnUuaW4=
ZnVhaXVlYm5kaWV1ZmV1ZnUucnU=
ZnVhaXVlYm5kaWV1ZmV1ZnUuc3U=
ZnVpdWV1ZmlpZWhmdWVnaHVoZi5ydQ==
ZnVpdWV1ZmlpZWhmdWVnaHVoZmYuc3U=
ZnVpdWV1ZmlpZWhmdWVnaHVoZmwuY29t
ZnVpdWV1ZmlpZWhmdWVnaHVoZnIubmV0
ZnVpdWV1ZmlpZWhmdWVnaHVoZnUuaW5mbw==
ZnVpdWV1ZmlpZWhmdWVnaHVoZnguYml6
Z2FldWhkb2Jhb2VidWFnb2FvZS5ydQ==
Z2FldWhkb2Jhb2VidWFnb2FvZWYuc3U=
Z2FldWhkb2Jhb2VidWFnb2FvZWwuY29t
Z2FldWhkb2Jhb2VidWFnb2FvZXUuaW5mbw==
Z2FldWhkb2Jhb2VidWFnb2FvZXguYml6
Z2JvYXVhYmVkb2dvYXVnYWVoeS5ydQ==
Z2JvYXVhYmVkb2dvYXVnYWVoeWYuc3U=
Z2JvYXVhYmVkb2dvYXVnYWVoeWwuY29t
Z2JvYXVhYmVkb2dvYXVnYWVoeXIubmV0
ZW9ndWFvbmVkb25hb2RhYm9iZ3UuaW5mbw==
ZW9ndWFvbmVkb25hb2RhYm9iZ3guYml6
ZW9vZW9lb29lamVzZmllaGZpaS5ydQ==
ZW9vZW9lb29lamVzZmllaGZpaWYuc3U=
ZW9vZW9lb29lamVzZmllaGZpaWwuY29t
ZW9vZW9lb29lamVzZmllaGZpaXIubmV0
ZW9vZW9lb29lamVzZmllaGZpaXUuaW5mbw==
ZW9vZW9lb29lamVzZmllaGZpaXguYml6
ZW9yb29vc2tmb2dpaGlzcmcuaW4=
ZW9yb29vc2tmb2dpaGlzcmcucnU=
ZW9yb29vc2tmb2dpaGlzcmcuc3U=
ZmlmaWVoc3VldXVmaWRoZmkuaW4=
ZmlmaWVoc3VldXVmaWRoZmkucnU=
ZmlmaWVoc3VldXVmaWRoZmkuc3U=
ZmlpYXVlZGllaGR1ZWZ1Z2UuaW4=
ZmlpYXVlZGllaGR1ZWZ1Z2Uuc3U=
ZmlzaXV1aWVkZXN1YmRpYmVzZC5ydQ==
ZmlzaXV1aWVkZXN1YmRpYmVzZGYuc3U=
ZmlzaXV1aWVkZXN1YmRpYmVzZGwuY29t
ZmlzaXV1aWVkZXN1YmRpYmVzZHIubmV0
ZmlzaXV1aWVkZXN1YmRpYmVzZHUuaW5mbw==
ZmlzaXV1aWVkZXN1YmRpYmVzZHguYml6
Zm9hZW9kaGV1YWJndWFlZ3Vici5ydQ==
Zm9hZW9kaGV1YWJndWFlZ3VicmYuc3U=
Zm9hZW9kaGV1YWJndWFlZ3VicmwuY29t
ZWZpaXVlaGRpYWhpdWVkaWF1Z3guYml6
ZWlpZm5namZrc2lzaXVmamYucnU=
ZWlpZm5namZrc2lzaXVmamYuc3U=
ZW5lZWJnaWVlaWllaWVpZGRydC5ydQ==
ZW5lZWJnaWVlaWllaWVpZGRydGYuc3U=
ZW5lZWJnaWVlaWllaWVpZGRydGwuY29t
ZW5lZWJnaWVlaWllaWVpZGRydHIubmV0
ZW5lZWJnaWVlaWllaWVpZGRydHUuaW5mbw==
ZW5lZWJnaWVlaWllaWVpZGRydHguYml6
ZW5pYWViaXZhaWViaWZhaWJlZi5ydQ==
ZW5pYWViaXZhaWViaWZhaWJlZmYuc3U=
ZW5pYWViaXZhaWViaWZhaWJlZmwuY29t
ZW5pYWViaXZhaWViaWZhaWJlZnIubmV0
ZW5pYWViaXZhaWViaWZhaWJlZnUuaW5mbw==
ZW5pYWViaXZhaWViaWZhaWJlZnguYml6
ZW9maWhzaXNoaWhpdXJzZ3UuaW4=
ZW9maWhzaXNoaWhpdXJzZ3UucnU=
ZW9maWhzaXNoaWhpdXJzZ3Uuc3U=
ZW9ndWFvbmVkb25hb2RhYm9iZy5ydQ==
ZW9ndWFvbmVkb25hb2RhYm9iZ2Yuc3U=
ZW9ndWFvbmVkb25hb2RhYm9iZ2wuY29t
ZW9ndWFvbmVkb25hb2RhYm9iZ3IubmV0
YWlpc2lhdWV1ZWZpdWhpZWhndS5ydQ==
YWlpc2lhdWV1ZWZpdWhpZWhndWYuc3U=
YWlpc2lhdWV1ZWZpdWhpZWhndWwuY29t
YWlpc2lhdWV1ZWZpdWhpZWhndXIubmV0
YWlpc2lhdWV1ZWZpdWhpZWhndXUuaW5mbw==
YWlpc2lhdWV1ZWZpdWhpZWhndXguYml6
YXVhZXVpaWhhZWhpZmhhaGF1ZC5ydQ==
YXVhZXVpaWhhZWhpZmhhaGF1ZGYuc3U=
YXVhZXVpaWhhZWhpZmhhaGF1ZGwuY29t
YXVhZXVpaWhhZWhpZmhhaGF1ZHIubmV0
YXVhZXVpaWhhZWhpZmhhaGF1ZHUuaW5mbw==
YXVhZXVpaWhhZWhpZmhhaGF1ZHguYml6
ZWFpaWFrZWlvaG91ZWdob2F1ci5ydQ==
ZWFpaWFrZWlvaG91ZWdob2F1cmYuc3U=
ZWFpaWFrZWlvaG91ZWdob2F1cmwuY29t
ZWFpaWFrZWlvaG91ZWdob2F1cnIubmV0
ZWFpaWFrZWlvaG91ZWdob2F1cnUuaW5mbw==
ZWFpaWFrZWlvaG91ZWdob2F1cnguYml6
ZWZpaXVlaGRpYWhpdWVkaWF1Zy5ydQ==
ZWZpaXVlaGRpYWhpdWVkaWF1Z2Yuc3U=
ZWZpaXVlaGRpYWhpdWVkaWF1Z2wuY29t
ZWZpaXVlaGRpYWhpdWVkaWF1Z3IubmV0
ZWZpaXVlaGRpYWhpdWVkaWF1Z3UuaW5mbw==
YWVmYWlkaWhhYmV2YmFiaWZiYS5ydQ==
YWVmYWlkaWhhYmV2YmFiaWZiYWYuc3U=
YWVmYWlkaWhhYmV2YmFiaWZiYWwuY29t
YWVmYWlkaWhhYmV2YmFiaWZiYXIubmV0
YWVmYWlkaWhhYmV2YmFiaWZiYXUuaW5mbw==
YWVmYWlkaWhhYmV2YmFiaWZiYXguYml6
YWZhb3Vub2RvdW9ldXVlb2Z1YS5ydQ==
YWZhb3Vub2RvdW9ldXVlb2Z1YWYuc3U=
YWZhb3Vub2RvdW9ldXVlb2Z1YWwuY29t
YWZhb3Vub2RvdW9ldXVlb2Z1YXIubmV0
YWZhb3Vub2RvdW9ldXVlb2Z1YXUuaW5mbw==
YWZhb3Vub2RvdW9ldXVlb2Z1YXguYml6
YWZlaWZpZXV1dWZ1ZnVmdWYuaW4=
YWZlaWZpZXV1dWZ1ZnVmdWYucnU=
YWZlaWZpZXV1dWZ1ZnVmdWYuc3U=
YWllaGF6ZWdmYWdlaWdmemdlaS5ydQ==
YWllaGF6ZWdmYWdlaWdmemdlaWYuc3U=
YWllaGF6ZWdmYWdlaWdmemdlaWwuY29t
YWllaGF6ZWdmYWdlaWdmemdlaXIubmV0
YWllaGF6ZWdmYWdlaWdmemdlaXUuaW5mbw==
YWllaGF6ZWdmYWdlaWdmemdlaXguYml6
YWlpYWlhZnJ6cnVldWVkdXIuaW4=
YWlpYWlhZnJ6cnVldWVkdXIucnU=
YWlpYWlhZnJ6cnVldWVkdXIuc3U=
YWFlaWF1ZWJmYW5laWZ1YWVpZi5ydQ==
YWFlaWF1ZWJmYW5laWZ1YWVpZmYuc3U=
YWFlaWF1ZWJmYW5laWZ1YWVpZmwuY29t
YWFlaWF1ZWJmYW5laWZ1YWVpZnIubmV0
YWFlaWF1ZWJmYW5laWZ1YWVpZnUuaW5mbw==
YWFlaWF1ZWJmYW5laWZ1YWVpZnguYml6
cXVhcms3LnR1bmRyYWZsaXAucnU=
bWllbnRydW5nLmNsaWNr
cGVyZmVyY3RkbW5nLmlz
dm1yM2IuYm91bmNlbWUubmV0
cGFraXN0YW55dHJpYmxlLnRvcA==
Z2Vyb2Vlcy5jbHVi
Z2hvc3Rlcm5ldy5jYXNh
a2VuZ3VydXRyaWJsZS50b3A=
cHJvcHh4Lmlv
djIucHJvcHh4Lmlv
djMucHJvcHh4Lmlv
b2Fza2FrczM0My5keW51ZGRucy5jb20=
ZW52aW8yNi5keW51ZGRucy5uZXQ=
Zmx5c2t5MDcuZ2lpemUuY29t
Z2F0ZXgubmFocHJvamVjdC5jb20=
Z2F0ZXgueG9pbGFjenpwenoudHY=
djIubmFocHJvamVjdC5jb20=
eW52cHBjZHpuLmxvY2FsdG8ubmV0
ZXoudHVuZHJhZmxpcC5ydQ==
Z3EudHVuZHJhZmxpcC5ydQ==
d24udjB4ZWxzcGFyay5ydQ==
bjh1LnYweGVsc3BhcmsucnU=
ZXl2LnYweGVsc3BhcmsucnU=
dHVybi1jb3VwbGUuZ2wuYXQucGx5Lmdn
c3VwcmFraW5pMy01NTQ0OS5wb3J0bWFwLmhvc3Q=
ZXF1aXBtZW50LXNwYW0uZ2wuYXQucGx5Lmdn
c2FsZS1zbGltLmdsLmF0LnBseS5nZw==
N2oudjB4ZWxzcGFyay5ydQ==
OTAzLm1hcmJsZXR1Zy5ydQ==
bzQwODkubWFyYmxldHVnLnJ1
c3BpbmRsZTcubWFyYmxldHVnLnJ1
OXAubWFyYmxldHVnLnJ1
ZG9ybi5wcmlzbWdyYXUucnU=
bW9vcy5wcmlzbWdyYXUucnU=
d2Vpc3MucHJpc21ncmF1LnJ1
Z2xlaXMuY29tZXRsaW5kZS5ydQ==
aG9mLmNvbWV0bGluZGUucnU=
bWVtb3J5Y29tcGFueS54eXo=
dHJ1Y2tzaGF0Lnh5eg==
c3Rlcm4uY29tZXRsaW5kZS5ydQ==
bW9uZC5jb21ldGxpbmRlLnJ1
cnB3aGVscC50b3A=
cnNrcGNhcmUudG9w
Y2VsbGFyZGlyZWN0aW9uLmluZm8=
Ymxvd2Zhcm0uaW5mbw==
c3Rld3N0YW1wLnh5eg==
bXNjbG91ZC5jZmQ=
YnJpc2Uuc2hhZG93ZmVsc2VuLnJ1
Z2xhbnouc2hhZG93ZmVsc2VuLnJ1
YXJhYmlhbmFpcmxpbmVzLnNicw==
YXJhYmlhbmFpcmxhbmVzLmxvbA==
Z3JhdC5zaGFkb3dmZWxzZW4ucnU=
dWZlci5zaGFkb3dmZWxzZW4ucnU=
bHlscmVkLnNwYWNl
bmFjaHQuc2hhZG93ZmVsc2VuLnJ1
dHJ1Lm1vbWVudHNmb3JtZS5pbmZv
dGFsLmNlZGFycXVlbGxlLnJ1
YmFjaC5jZWRhcnF1ZWxsZS5ydQ==
d2FsZC5jZWRhcnF1ZWxsZS5ydQ==
a2xlZS5pcm9ud2lua2VsLnJ1
b25maXJlZy5xcG9u
cGVyZmVjai5xcG9u
Y3ljbG9oai5xcG9u
c3BoZWNvaS5xcG9u
YmluZGVyei5xcG9u
Z25hcmx1cy5xcG9u
ZGVmZW5kZXItdGVtZWVydHkuc2Jz
dGVsZW1ldHJ5LWRlZmVuZGVyLmxvbA==
cmF1Y2guaXJvbndpbmtlbC5ydQ==
c3Rlcm4uZ2xpbW1lcnN0cmFuZC5ydQ==
d29sa2UuZ2xpbW1lcnN0cmFuZC5ydQ==
ZmpvcmQuZ2xpbW1lcnN0cmFuZC5ydQ==
a2FtbS5yYXZlbmtpZXNlbC5ydQ==
d2luZC5yYXZlbmtpZXNlbC5ydQ==
bmViZWwucmF2ZW5raWVzZWwucnU=
ZWljaGUucmF2ZW5raWVzZWwucnU=
ZmFsa2UucmF2ZW5raWVzZWwucnU=
aGFpbi5jb2JhbHR3ZWFsZC5ydQ==
Z2x1dC5jb2JhbHR3ZWFsZC5ydQ==
bGljaHQuY29iYWx0d2VhbGQucnU=
YWRsZXIuY29iYWx0d2VhbGQucnU=
dWZlci5xdWFydHpzdG9sbGVuLnJ1
cGZhZC5xdWFydHpzdG9sbGVuLnJ1
bW9vcy5xdWFydHpzdG9sbGVuLnJ1
c3R1cm0ucGluZXdhY2h0LnJ1
a2xlZS5waW5ld2FjaHQucnU=
dGFsLnBpbmV3YWNodC5ydQ==
YmFjaC5waW5ld2FjaHQucnU=
d29sa2UucGluZXdhY2h0LnJ1
bnM0LmNvcHBwZXIudWs=
bnM1LmNvcHBwZXIudWs=
bnMzLmNvcHBwZXIudWs=
bnMyLmNvcHBwZXIudWs=
bnMxLmF1di5vbmU=
bnMxLmNvcHBwZXIudWs=
aTUwMTMua2luay1iZWxsb3cucnU=
aGpmbmcud2F2ZXJtaW50LnJ1
Ynl0ZS53YXZlcm1pbnQucnU=
cXVhcmsud2F2ZXJtaW50LnJ1
bGEtcGFuLWFkdmVudHVyZXMuY29t
eW91NG5ld3MuZGU=
ZHpxei53YXZlci1taW50LnJ1
amVya2RvbGxzLm5ldA==
aW5kaWFucG9ybmdhbWVzLmNvbQ==
bGVzYmlhbnN0aW11bGF0aW9uLmNvbQ==
bWluZGNvbnRyb2xoZW50YWlnYW1lcy5jb20=
dXNlZnVsLWRpdmluZS5nbC5hdC5wbHkuZ2c=
OC50Y3AudXMtY2FsLTEubmdyb2suaW8=
eXdmcWktMTM4LTE5OS03LTIzNi5hLmZyZWUucGluZ2d5Lmxpbms=
ZGVycGl4b25wYXJ0eWdhbWVzLmNvbQ==
bGV2aWZyZW5jaGJ1bGxkb2dzLmNvbQ==
c2xhdmVwb3JuZ2FtZXMuY29t
NHk3dy5zcGlpY2VwYWQucnU=
dmFsbGV5LW9mLWJ1dHRlcmZsaWVzLmNvbQ==
Z3Jld2FsdGVjaC5jb20=
Y29uc3RydWN0b3JhLWFscGlncm91cC5jb20=
bWVsb2R5c2V4Z2FtZS5jb20=
dnJwb3JuZ2FtZXNmcmVlLmNvbQ==
b2N0MHQua2luay1iZWxsb3cucnU=
a2luZ3NwYXJrLmJpeg==
d2FrZnVjay5jb20=
cmVmcmlnZXJhY2lvbi5kZWxtb25kZXhwcmVzcy5jb20=
cmFpbmJvdy10ZXJyYWNlLmNvbQ==
ejRjcC53YXZlci1taW50LnJ1
b3Jvc3p0b3JuYS5odQ==
eHh4Z2FtZXMuY28udWs=
ZnVydXNhdG8tc2hpbnNodS5jb20=
YWZpbmVsaW5lb25saW5lLmNvbQ==
cG9ybnBsYXlnYW1lcy5jb20=
YXNwaXJlZm91bmRhdGlvbmluYy5vcmc=
ZHJpZnQuaDBiYmxlbmV0LnJ1
aG9zdGVsLm9yZy5icg==
YmVzdHZyc2V4Z2FtZXMuY29t
b25saW5lbW9iaWxlcG9ybmdhbWVzLmNvbQ==
bm92YS5oMGJibGVuZXQucnU=
YXZhdGFycG9ybmdhbWVzLmNvbQ==
YWx3ZWRhZHNhLmNvbQ==
Z29jb250cmFjdC5jby51aw==
c2VjdXJpc2ticm9rZXJzLmNvbQ==
ZnJlZXBvcm5nYW1lc25vY3JlZGl0Y2FyZC5jb20=
YmVzdGFuZHJvaWRzZXhnYW1lcy5jb20=
YnVkLmgwYmJsZW5ldC5ydQ==
YWdlbmNlLWltbW9iaWxpZXJlLWx5b24uY29t
cmVhbHZpc2lvbndvcmxkLmNvbQ==
Z3JlZW5lYXN5bGlmZS5jb20=
Y2xvdWRuYXguY29t
YmlvcmdhbmljLmZpdA==
bmhlbnRhaWVuZ2xpc2guY29t
cmV2aWV3c2l0ZXMueHl6
cG9ybnNpbXVsYXRvcmdhbWVzLmNj
Y2lrdS5zbi0wLXJ0bGluZy5ydQ==
cGlub3l0b29ucy5jb20=
ZGV2LnRvdXJ0cmFjay5vcmc=
dGhlY29tcGFueXBvcm5nYW1lLmNvbQ==
bWlsZmluYXRvci5jb20=
c3Nncm91cGd1cmdhb24uY29t
c3BhcmtsZTcuc24tMC1ydGxpbmcucnU=
cWcyajMuc24tMC1ydGxpbmcucnU=
eG05di5zbjBydGxpbmcucnU=
cGhhc2U2LnNuMHJ0bGluZy5ydQ==
c2t5LnNuMHJ0bGluZy5ydQ==
azQudG9ycXVlLWJ1ZC5ydQ==
bW9ycm93LnRvcnF1ZS1idWQucnU=
cmlmdDUudG9ycXVlLWJ1ZC5ydQ==
ZTl2Lm1vcnJvdy1wbHVnLnJ1
MDQubW9ycm93LXBsdWcucnU=
cXVhcmsubW9ycm93LXBsdWcucnU=
eWtoMHEucGxpeGhhdmVuLnJ1
cGx1Zy5wbGl4aGF2ZW4ucnU=
dHJhY2UucGxpeGhhdmVuLnJ1
ZzVwaC5tb3Jyb3dwbHVnLnJ1
MXRxd24ubW9ycm93cGx1Zy5ydQ==
c2hhcmQubW9ycm93cGx1Zy5ydQ==
cjRhLmgtMC1iYmxlbmV0LnJ1
ZjkuaC0wLWJibGVuZXQucnU=
Y21qMy5oLTAtYmJsZW5ldC5ydQ==
c3RhcndpdGNodW1icmFjdWx1bS5jb20=
OGV5LmphbS1jcmVzdC5ydQ==
d29ybGRzcGFjZWxlYWd1ZS5uZXQ=
bWloYW5keWh1Yi5jb20=
MTh3aW4xLmFwcA==
c2VqdHJhdmVscy5jb20=
cGFzdGJzaXRlLm9yZw==
cGFqZXJvODg4c2xvdC5uZXQ=
ZmFibGFic2FpZ29uLm9yZw==
aWxhbmpvc2VwaC5jb20=
ZGlhbW9uZGV4cG9ydGluZC5jb20=
ZG91YmxlaG9tZXdvcmsuY29t
dHJhZGVyc21vb2RzLmNvbQ==
b3V0YXR0aGVpbm4uY29t
Z2F0ZXNvZm9seW1wdXMxMDAwZ2FtZS5jb20=
cG92cG9ybmdhbWVzLmNvbQ==
YWZmaS1vbm5hLmNvbQ==
emluY2hpY2tlbi5jb20=
ZGFpd2Fmb29kcy5jb20=
dGFpeGUuaWxva2Fmb29kLmNvbQ==
cm9ja2V0ZmlyZXdvcmtzLnlzd2hvc3RpbmcuY29t
d2UudGVrbm9zcGQuY29t
ZWxsZS5kaWdpcGVlcHMub25saW5l
bWVkaW5idXNpbmVzcy5zdG9yZQ==
dmFya3RlY2hsdGQuY29t
Z2V0c2hlbHRlcnMuY29t
eW5jLXdlYi5jb20=
Y2FsaXNtYWl6bmliYXN2dXJ1c3UuY29t
c2JwbXIuZnI=
b3BwYWltb24uY29t
dm9kbGlhLmNvbQ==
ZnJ4LmtpbmRuZXNzYnJhbmQuY29t
eXVyaXJpbjEuY29t
bG9vbmd2aXZhLmNvbQ==
c3VuLXN0YXItZGVzaWduLmNvbQ==
Z2FtZWNvcmVhZHVsdGdhbWVzLmNvbQ==
a2VuZG8tbGVzc29uLmNvbQ==
YnV0ZWFtLmNvbQ==
Y29tcHV0ZXJzZXhnYW1lcy5jb20=
Z291cGRhdGUucGFnZXMuZGV2
dXBkYXRlbWljcm9zb2Z0b25saW5lLmFya2VsY29uc3RydWN0b3IuY29t
Y2hyb21ldXBkYXRlLmdvb2dsZS5hcmtlbGNvbnN0cnVjdG9yLmNvbQ==
bWpqdC5qYW0tY3Jlc3QucnU=
dXViYi5qYW0tY3Jlc3QucnU=
YmFmOHQuZ3ItMS10YmluZGVyLnJ1
OHBvLmdyLTEtdGJpbmRlci5ydQ==
MGljYnkuZ3ItMS10YmluZGVyLnJ1
aXN2LmNyMW1wb2ludC5ydQ==
Z2xpZGUuY3IxbXBvaW50LnJ1
amFtLmNyMW1wb2ludC5ydQ==
NjI4LnRvcnF1ZWJ1ZC5ydQ==
anZqZHVja2RuczIzMy5kdWNrZG5zLm9yZw==
YXJhc2lrLTIwMDQ0LnBvcnRtYXAuaG9zdA==
Y2hyaXN0bWFzLWhpc3RvcmljYWwuZ2wuYXQucGx5Lmdn
OGc4LnRvcnF1ZWJ1ZC5ydQ==
YWthLnRvcnF1ZWJ1ZC5ydQ==
MnhnLmphbWNyZXN0LnJ1
Y3Jlc3QuamFtY3Jlc3QucnU=
Nm8uamFtY3Jlc3QucnU=
bGFicy5ncjF0YmluZGVyLnJ1
bm92YTEuZ3IxdGJpbmRlci5ydQ==
Nm5uLmdyMXRiaW5kZXIucnU=
bzYuc2t5bGludGFwLnJ1
OGUuc2t5bGludGFwLnJ1
dHJhaWwwLnNreWxpbnRhcC5ydQ==
dnlmMy5taXJ0aGNhcC5ydQ==
c3BhcmtsZS5taXJ0aGNhcC5ydQ==
MTV5Zi5taXJ0aGNhcC5ydQ==
dGJjay5xdWFydHotbGVhZi5ydQ==
cW5idHUucXVhcnR6LWxlYWYucnU=
Z2sucXVhcnR6LWxlYWYucnU=
Y29yZTUudHdlYWttaXJlLnJ1
MmgudHdlYWttaXJlLnJ1
cnd6LnR3ZWFrbWlyZS5ydQ==
OTIuc3AxcmVtb3NzLnJ1
ZHJpZnQuc3AxcmVtb3NzLnJ1
cDJiZjkuc3AxcmVtb3NzLnJ1
cHVsc2UuaGFycHN3aXRjaC5ydQ==
OHptdzguaGFycHN3aXRjaC5ydQ==
N2ZsMDYuaGFycHN3aXRjaC5ydQ==
bm92YTIucXVhcnR6bGVhZi5ydQ==
bzN4ejYucXVhcnR6bGVhZi5ydQ==
dzEucXVhcnR6bGVhZi5ydQ==
MHozc2EudHdlYWstbWlyZS5ydQ==
Z24udHdlYWstbWlyZS5ydQ==
bGFiczAudHdlYWstbWlyZS5ydQ==
cGhhc2U0LmJyaW0taG9wcGVyLnJ1
eGNtdC5icmltLWhvcHBlci5ydQ==
Z2xpZGUuYnJpbS1ob3BwZXIucnU=
dHJhaWwudmVudHJpbGwucnU=
ZGFwLnZlbnRyaWxsLnJ1
c3dpdGNoLnZlbnRyaWxsLnJ1
aG92ZXIuY2wwdWR2ZXgucnU=
YmxpbmsuY2wwdWR2ZXgucnU=
Zm9yZ2U0LmNsMHVkdmV4LnJ1
c3BhcmtsZTYuajFnZ2xlc3RvbmUucnU=
Y2FwLmoxZ2dsZXN0b25lLnJ1
d2VwZS5qMWdnbGVzdG9uZS5ydQ==
bWVzaC5zMGxhcmJ1ZGdlLnJ1
cGhhc2UwLnMwbGFyYnVkZ2UucnU=
Y3d2MnQuczBsYXJidWRnZS5ydQ==
bm92YS5icmltaG9wcGVyLnJ1
a3UzLmJyaW1ob3BwZXIucnU=
dHJhaWwzLmJyaW1ob3BwZXIucnU=
aGFtbWVyLmdyYW5pdGVrYW1tLnJ1
Zmx1c3MuZ3Jhbml0ZWthbW0ucnU=
em9ybi5ncmFuaXRla2FtbS5ydQ==
d29sa2UuZ3Jhbml0ZWthbW0ucnU=
c3Rlcm4ud2lsbG93c3RlZy5ydQ==
ZHVuZS53aWxsb3dzdGVnLnJ1
YnJvb2sud2lsbG93c3RlZy5ydQ==
aGFmZW4uZ2xhY2llcnRhbC5ydQ==
YmFjaC5nbGFjaWVydGFsLnJ1
d2luZC5nbGFjaWVydGFsLnJ1
bW9vci5nbGFjaWVydGFsLnJ1
ZmVscy5nbGFjaWVydGFsLnJ1
d2VpZGUucmF2ZW5rbG9zdGVyLnJ1
cGZhZC5yYXZlbmtsb3N0ZXIucnU=
dHVybS5yYXZlbmtsb3N0ZXIucnU=
YWRsZXIucmF2ZW5rbG9zdGVyLnJ1
c3Rlcm4uY29wcGVyYWxwZW4ucnU=
YmFjaC5jb3BwZXJhbHBlbi5ydQ==
bW9vci5jb3BwZXJhbHBlbi5ydQ==
Z2xhZGUuYXVyb3JhZmVscy5ydQ==
d2luZC5hdXJvcmFmZWxzLnJ1
Z3JhdC5hdXJvcmFmZWxzLnJ1
YmlyY2guYXVyb3JhZmVscy5ydQ==
YWsxLnhpbmd4aW5nczIuY2M=
bmV3c3N5c3RlbWNvcGlsb3Rkcml2ZXJ0cmVzbWlsLnlkbnMuZXU=
YXJjaGl2ZS1tZWRpY2FsLmdsLmF0LnBseS5nZw==
ZG9ybi5taWRuaWdodGtpZWZlci5ydQ==
ZmFsa2UubWlkbmlnaHRraWVmZXIucnU=
cnVuZS5taWRuaWdodGtpZWZlci5ydQ==
d2FsZC5taWRuaWdodGtpZWZlci5ydQ==
bmFjaHQubWlkbmlnaHRraWVmZXIucnU=
bmViZWwucXVhcnR6ZmVkZXIucnU=
a2FtbS5xdWFydHpmZWRlci5ydQ==
cGZhZC5xdWFydHpmZWRlci5ydQ==
a29ybi5lbWJlcmhvY2hsYW5kLnJ1
YmVzdG1vbmV5dHJlZS5jb20=
Y2hyb21pdW1nby5ib25k
Y2hyb2VtaW5zdGFudC5jb20=
Y2hyb21ldXBkYXRlLmRvd25sb2Fk
Y29ucXVlcmluZ3RoZWxhbmQuY29t
YmVhc3RlYWR5aGFuZC5vcmc=
dXJiYW5uZXdzbm93LmNvbQ==
c2FtbGVhcHAuY29t
bW9uZG90YWxrLmNvLnVr
ZG5zcy5wcm8=
ZWdhbzI1LmNvbQ==
Z2FtZW9mYm9uZXMubmV0
ZGlhbW9uZG11c2ljZW50LmNvbS5uZw==
ZXBmaW5kaWF1YW4uY29t
Y2FyZ28uYXF1YWZleC5pbg==
ZnVja3JhYmJpdC5jb20=
Zmxhdm9yaXN0YS5icmFuZGluZy1iYXIuY29t
dGlsZG90c2lnbmF0dXJlcy5jb20=
Y3B0Y2hkbS5pY3U=
c2xlZXBraWRzLmFwcA==
YXJjaGlsYWJkZXNpZ25zLmNvbQ==
c3VwZXIubmFtYXRpbi5jb20=
cG9ra2Fsb2guY29t
ZGVsaXgubWlzZWNyZXRhcmlhLmNvbS5hcg==
eHNoYnkuY29t
YWR1bHRnYW1lc3BzNC5jb20=
dHN1dHN1aWZ1amlrby5jb20=
YWJzdHJhY3RvZmZpZWxkdHJpYWxvZmJsYWNrZ3JhbS5jb20=
c2ltbWV4Y29udHJvbC5jb20=
d2VhbGQuZW1iZXJob2NobGFuZC5ydQ==
cnVuZS5lbWJlcmhvY2hsYW5kLnJ1
c3Rlcm4uZW1iZXJob2NobGFuZC5ydQ==
bW9vci5lbWJlcmhvY2hsYW5kLnJ1
dGF1LnN0b3JtbGF0ZXJuZS5ydQ==
YmFjaC5zdG9ybWxhdGVybmUucnU=
Z2xhbnouc3Rvcm1sYXRlcm5lLnJ1
d29sa2Uuc3Rvcm1sYXRlcm5lLnJ1
cmlmdC53YXZlcmV0Y2gucnU=
aWVxcy53YXZlcmV0Y2gucnU=
cXVhcmsud2F2ZXJldGNoLnJ1
c3Bhcms4LmtuLTEtZmVjYXN0LnJ1
bDhscC5rbi0xLWZlY2FzdC5ydQ==
bmQ5ZWgua24tMS1mZWNhc3QucnU=
ZHJzLnBhdGNodmluZS5ydQ==
dmFsZS5wYXRjaHZpbmUucnU=
ZXdnbWQucGF0Y2h2aW5lLnJ1
Zmx1eC5kcmlwLWFuY2hvci5ydQ==
bHkuZHJpcC1hbmNob3IucnU=
OTguZHJpcC1hbmNob3IucnU=
cHVsc2Uuc2NyYW1ibGVodWIucnU=
cmFoLnNjcmFtYmxlaHViLnJ1
eWUuc2NyYW1ibGVodWIucnU=
ZTAubWVsdHF1YXJrLnJ1
ZnZmc2YubWVsdHF1YXJrLnJ1
cTlwNC5tZWx0cXVhcmsucnU=
aGUyLmctMC1zcy1sYW1wLnJ1
eWxyLmctMC1zcy1sYW1wLnJ1
aG92ZXIzLmctMC1zcy1sYW1wLnJ1
d3d3LmFjZDg1Mi5tZQ==
a3Bvdy5rbjFmZWNhc3QucnU=
MzVrLmtuMWZlY2FzdC5ydQ==
YmVhY29uMS5rbjFmZWNhc3QucnU=
MW9qdmEuZzBzc2xhbXAucnU=
bGouZzBzc2xhbXAucnU=
ZGVidC1hcGFydG1lbnQuZ2wuYXQucGx5Lmdn
Y2VudGVyLWxvc3QuZ2wuYXQucGx5Lmdn
ZXpwejEueHl6
a2FtYXplYy0zNTEzNy5wb3J0bWFwLmhvc3Q=
c291cmNlLWd0ay5nbC5hdC5wbHkuZ2c=
dHVlc2RheS1nYW1tYS5nbC5hdC5wbHkuZ2c=
N3VvLmcwc3NsYW1wLnJ1
eXNwbS5vcmJpdGxpbmcucnU=
ZjMub3JiaXRsaW5nLnJ1
c2NyYW1ibGUzLm9yYml0bGluZy5ydQ==
dHJhY2UuczFua2ZsYXJlLnJ1
ZHJpcDIuczFua2ZsYXJlLnJ1
a2Fucy5zMW5rZmxhcmUucnU=
b2J0ZS5kcmlwYW5jaG9yLnJ1
YWMzZDBlZTM3MDc0NWY3NTcuYXdzZ2xvYmFsYWNjZWxlcmF0b3IuY29t
YW5jaG9yLmRyaXBhbmNob3IucnU=
cTBjay5kcmlwYW5jaG9yLnJ1
eDJuLmJlc3RmZnJpZW5kLmRpZ2l0YWw=
dmliZS5iZXN0ZmZyaWVuZC5kaWdpdGFs
ZWNobzUuYmVzdGZmcmllbmQuZGlnaXRhbA==
cG4uYmVzdGZmcmllbmQuZGlnaXRhbA==
dGFwNi5iZXN0ZmZyaWVuZC5kaWdpdGFs
eDJuLmJlc3RmZnJpZW5kLmNvbQ==
ZWNobzUuYmVzdGZmcmllbmQuY29t
cG4uYmVzdGZmcmllbmQuY29t
dGFwNi5iZXN0ZmZyaWVuZC5jb20=
bXZ1NS5pZGVhbGJyb3MuY29t
amV0LmlkZWFsYnJvcy5jb20=
eHN1ZC5pZGVhbGJyb3MuY29t
YmluZGxpYi5jb20=
bGRhc2xkYWxzZC5jb20=
dXBsb2FkY2xpZW50MzIuY29t
c2lzdGVtZGV0ZWN0LmNvbQ==
YWFzZHR2Y3ZjaGN2aGhoaGguY29t
ZHJ1Z3RyaC5xcG9u
bGVhdGhlcy5xcG9u
YWdvc3RvMTMuY29uLWlwLmNvbQ==
ZWctYnV6ei5nbC5hdC5wbHkuZ2c=
Z2xhbnouc2lsdmFuYnJ1Y2gucnU=
dGFsLnNpbHZhbmJydWNoLnJ1
em9ybi5zaWx2YW5icnVjaC5ydQ==
ZmFsa2Uuc2lsdmFuYnJ1Y2gucnU=
a3JlaXMudHVuZHJhZ3J1bmQucnU=
dGF1LnR1bmRyYWdydW5kLnJ1
dWZlci50dW5kcmFncnVuZC5ydQ==
bGljaHQudHVuZHJhZ3J1bmQucnU=
a2xlZS50dW5kcmFncnVuZC5ydQ==
d2VhbGQuYXVyb3JhbGluZGUucnU=
bW9vcy5hdXJvcmFsaW5kZS5ydQ==
Z2xlaXMuYXVyb3JhbGluZGUucnU=
aGFpbi5tYXBsZXJhbmQucnU=
c3Rlcm4ubWFwbGVyYW5kLnJ1
a3JhdXQubWFwbGVyYW5kLnJ1
ZmpvcmQubWFwbGVyYW5kLnJ1
bmViZWwuemVwaHlycXVlbGxlLnJ1
YmFjaC56ZXBoeXJxdWVsbGUucnU=
cnVuZS56ZXBoeXJxdWVsbGUucnU=
ZmFybi5xdWlsbGdpcGZlbC5ydQ==
Zmx1c3MucXVpbGxnaXBmZWwucnU=
c3RlaW4ucXVpbGxnaXBmZWwucnU=
dGF1LnF1aWxsZ2lwZmVsLnJ1
d2FsZC5xdWlsbGdpcGZlbC5ydQ==
ZG9ybi5vbnl4a2FtbS5ydQ==
c2NoaWxkLm9ueXhrYW1tLnJ1
bGljaHQub255eGthbW0ucnU=
dWZlci5vbnl4a2FtbS5ydQ==
cGZhZC5vbnl4a2FtbS5ydQ==
YWRsZXIuZ3Jhbml0ZXdlaWRlLnJ1
c3Ryb20uZ3Jhbml0ZXdlaWRlLnJ1
YmVyZy5ncmFuaXRld2VpZGUucnU=
d2VhbGQuc2FmZnJvbmhhZmVuLnJ1
Z2x1dC5zYWZmcm9uaGFmZW4ucnU=
a2xlZS5zYWZmcm9uaGFmZW4ucnU=
bW9vci5zYWZmcm9uaGFmZW4ucnU=
ZnVua2UudGh1bmRlcmtpZXNlbC5ydQ==
bmViZWwudGh1bmRlcmtpZXNlbC5ydQ==
Z3JhdC50aHVuZGVya2llc2VsLnJ1
YmFjaC50aHVuZGVya2llc2VsLnJ1
d29sa2UudGh1bmRlcmtpZXNlbC5ydQ==
cmluZGUud2lsbG93Z3JhdC5ydQ==
ZmFsa2Uud2lsbG93Z3JhdC5ydQ==
Y2Fwc3RvbmUuY2hhbmRsZXJjb29rLm5ldA==
bW9vci53aWxsb3dncmF0LnJ1
d2Vpc3Muc29sYXJwZmFkLnJ1
a2FtbS5zb2xhcnBmYWQucnU=
ZWlzLnNvbGFycGZhZC5ydQ==
bGljaHQub2JzaWRpYW51ZmVyLnJ1
cGZvdGUub2JzaWRpYW51ZmVyLnJ1
c3R1cm0ub2JzaWRpYW51ZmVyLnJ1
d2VhbGQuY29iYWx0cXVlbGxlLnJ1
dGFsLmNvYmFsdHF1ZWxsZS5ydQ==
YmFjaC5jb2JhbHRxdWVsbGUucnU=
Z2xlaXMubmVvbmJ1Y2hlLnJ1
a29ybi5uZW9uYnVjaGUucnU=
cmF1Y2gubmVvbmJ1Y2hlLnJ1
ZWljaGUud29sa2VuaG9mLnJ1
anVzdGFtYXAuY29t
c3Rlcm4ud29sa2VuaG9mLnJ1
ZmpvcmQud29sa2VuaG9mLnJ1
Z2xhbnouc2lsdmVyYmlya2UucnU=
d29sa2Uuc2lsdmVyYmlya2UucnU=
ZG9ybi5zaWx2ZXJiaXJrZS5ydQ==
a2xlZS5pcm9ud2VpZGUucnU=
c2NoaXJtLmlyb253ZWlkZS5ydQ==
dGF1Lmlyb253ZWlkZS5ydQ==
aGFpbi5yYXZlbnN0ZWcucnU=
Z2x1dC5yYXZlbnN0ZWcucnU=
dWZlci5yYXZlbnN0ZWcucnU=
ZGFtcGYuZmxpbnRxdWVsbGUucnU=
cnVuZS5mbGludHF1ZWxsZS5ydQ==
bW9vcy5mbGludHF1ZWxsZS5ydQ==
Y3RyLmhhemViaW5kZXIucnU=
bm92YTguaGF6ZWJpbmRlci5ydQ==
Ynl0ZTguaGF6ZWJpbmRlci5ydQ==
ZW5pdm9tYXJ6bzEyLmR5bnVkZG5zLmNvbQ==
ZmRzZ29mZ2pvZWZqaW9vZS5jb24taXAuY29t
Y29yZS5zYWZmcm9uamV0LnJ1
MTY2NXMuc2FmZnJvbmpldC5ydQ==
ZzBwdi5zYWZmcm9uamV0LnJ1
a25vdC5zdDFybGluZ3BhZC5ydQ==
MTF2LnN0MXJsaW5ncGFkLnJ1
ZHJvcDcuc3QxcmxpbmdwYWQucnU=
MnYxLmx1bWVudHdpc3QucnU=
NXoubHVtZW50d2lzdC5ydQ==
bWFpbC5vdXRsb29rMzY1LnZpcA==
NWx3Ni5sdW1lbnR3aXN0LnJ1
Z2V0aW5zdGFsbGNsaWVudDMyLmxpdmU=
dmVyaWZpY2F0aW9uc2J5Y2FwY2hhLmNlbnRlcg==
bWFnaWN1cGRhdGUuY2Zk
c2VhcmNoYWdlbnQuY2Zk
N3UudmliZXJzcGFuLnJ1
bW9kdWxlNy52aWJlcnNwYW4ucnU=
MXdkLnZpYmVyc3Bhbi5ydQ==
Mjh4cjMuY2xpcG1vcnJvdy5ydQ==
aHJ0ZjMuY2xpcG1vcnJvdy5ydQ==
dnBjcC5jbGlwbW9ycm93LnJ1
eHh4LnZyb2xpamtlY3JlYXRpZXMubmw=
eHh4LmhvdGVsc2lubmV3amVyc2V5YXRsYW50aWNjaXR5LmNvbQ==
cXVhcmsucHIwd2xkcm9wLnJ1
eWYucHIwd2xkcm9wLnJ1
dTN6LnByMHdsZHJvcC5ydQ==
YW5jaG9yLnoxbmNzcGlrZS5ydQ==
bzUuejFuY3NwaWtlLnJ1
cXZtLnoxbmNzcGlrZS5ydQ==
cHguZ3IxdG1vZHVsZS5ydQ==
c2lxLmdyMXRtb2R1bGUucnU=
dGxhLmdyMXRtb2R1bGUucnU=
c3JpbWVkaGFzb2Z0LmNvbQ==
MDUzLmtub3RiZXJyeS5ydQ==
cWczcTIua25vdGJlcnJ5LnJ1
a3J1aXByby5jb20=
cm9vdC5rcnVpcHJvLmNvbQ==
c2RoM2Eua25vdGJlcnJ5LnJ1
b3JiaXQub2RkLWtyYWtlbi5ydQ==
ZG9jay5vZGQta3Jha2VuLnJ1
dmliZXN5bmN2ci5jb20=
MDFlZnYub2RkLWtyYWtlbi5ydQ==
cWt1bmQuZ2xlYW1zcGFuLnJ1
bW9ja2VybC5xcG9u
c2h1dHNyYS5xcG9u
cG9vY2hzZS5xcG9u
b2xlYWNlZy5xcG9u
bm90aW9uei5xcG9u
ZXZhc2l2ci5xcG9u
bWwuZ2xlYW1zcGFuLnJ1
YW1pZ29yLnFwb24=
YXVkaW91eC5xcG9u
ZTguZ2xlYW1zcGFuLnJ1
Zmx1eDAucXVhbnQtbWVsdC5ydQ==
YmxpbmsucXVhbnQtbWVsdC5ydQ==
cTQwZW8ucXVhbnQtbWVsdC5ydQ==
dHJhaWwuZmxpbnR6b28ucnU=
ZWNoby5mbGludHpvby5ydQ==
MWI4LmZsaW50em9vLnJ1
b21ndGVsZWNvbS5jb20=
ZGVmdXBkYXRlci5kbGw=
d3d3LnNtc3NlbmRpbmcubnMxLm5hbWU=
bXIyNDI1MS5kdWNrZG5zLm9yZw==
Y29uZnJld2RzZmdmcy5jb24taXAuY29t
Y21zMGMuc3QtMC1iZXByZXNzLnJ1
bm92YS5zdC0wLWJlcHJlc3MucnU=
YmtwLnN0LTAtYmVwcmVzcy5ydQ==
c2IudjB4ZWxtaW50LnJ1
dXVmLnYweGVsbWludC5ydQ==
eXc3LnYweGVsbWludC5ydQ==
d3d3Lm1hcm1vc2ZpbmFuY2lhbC5jb20=
a25hLmJsMW5rc3dpdGNoLnJ1
Y2VzaGlvYS51cy5rZw==
bG1uLmJsMW5rc3dpdGNoLnJ1
ejUuYmwxbmtzd2l0Y2gucnU=
dmFsZS5xdWFudG1lbHQucnU=
Nm0ucXVhbnRtZWx0LnJ1
dTYucXVhbnRtZWx0LnJ1
d2F2ZS5mbGludC16b28ucnU=
b3R0b2JhdHRsZXNrYWxkdGhyZW5vZHkuY29t
d2hsb3guZmxpbnQtem9vLnJ1
Zmx1eC5mbGludC16b28ucnU=
dzE1NTgubWEtc2hyaWZ0LnJ1
Mm42MncubWEtc2hyaWZ0LnJ1
c3BhcmtsZTkubWEtc2hyaWZ0LnJ1
cGxveWthbG9mb21hcml4Y2xleS5jb20=
bWF1a2F0ZWNpa2xvZGFzcmVzbS5jb20=
amFyY292aWxva2FzZXJkcmlub2suY29t
YjUzLnN5cnVwZG9jay5ydQ==
cHVsc2U4LnN5cnVwZG9jay5ydQ==
Ynl0ZS5zeXJ1cGRvY2sucnU=
Nnpici5wcm90b2h1c2gucnU=
c2Quci5iYW5hbmEudnU=
dWcuYW5kcmVlYW11bnRlYW51LmNvbQ==
dmRqM2oucHJvdG9odXNoLnJ1
MDMxNS5wcm90b2h1c2gucnU=
MG9wM3Mub2Rka3Jha2VuLnJ1
c2hhbmdoYWkuZ29vZ2xlZG5zLmlv
c2hpZnQub2Rka3Jha2VuLnJ1
M3oxcy5vZGRrcmFrZW4ucnU=
em9vLnN0MGJlcHJlc3MucnU=
d3d3LmR3ZjE1Nzkudmlw
dGVyLnZyb2xpamtlY3JlYXRpZXMubmw=
dGVyLmhvdGVsc2luamFja3NvbnZpbGxlZmwuY29t
Z2xlYW0uc3QwYmVwcmVzcy5ydQ==
bmFrYWl6dS5jb20=
ZmNvbnRyb2xzLnBybw==
ZGNvbnRyb2xzLnBybw==
aW5mZXJub2xvLmNvbQ==
aGNvbnRyb2wucHJv
M2FjY2RvbWFpbjMucnU=
YXNkdHZjdmNoY3ZoaGhoaC5jb20=
eHhjbGdsZ2xnbGtsZ2t4bGMuY29t
YXBwYXNkbWRhbXNkbWFzZC5jb20=
b3RvdGFpa2ZmZmtmLmNvbQ==
dXBkYXRlZGF5LmluZm8=
YmFsLXJld2FyZHMueHl6
Y3BhbmVsLmZqZnJleS5jb20=
cHVmZnljbGF3MjAwOC5zaG9w
Y2F0bG92ZXItcGF3cGF3NTA0LnNicw==
ZWFzdGVybndoaXNrZXJob2xkaW5ncy5zYnM=
aG92ZXIuc3QwYmVwcmVzcy5ydQ==
dHJ1c3QwMDctNDQ0OTAucG9ydG1hcC5ob3N0
MGl6N3EubWFzaHJpZnQucnU=
bG5rMW1hbi5wYWdlcy5kZXY=
aHgubWFzaHJpZnQucnU=
YW5jaG9yLm1hc2hyaWZ0LnJ1
Z2xlYW0ub2JzaWRpYW5wZmFkLnJ1
YmlyY2gub2JzaWRpYW5wZmFkLnJ1
ZWlzLm9ic2lkaWFucGZhZC5ydQ==
Z2xhbnoucmF2ZW5xdWVsbGUucnU=
cmNkb25jdTE5MDYuZHVja2Rucy5vcmc=
cmVtY29zMjYuZHludWRkbnMuY29t
Y3liZXJzZWN1cml0ZWZyYW5jZS5kZG5zLm5ldA==
cXVhbnRhc2VydmljZXMuc3RvcmU=
dnIzYi5kZG5zLm5ldA==
Y2xvc2Vjb25lY3Rpb24uZHVja2Rucy5vcmc=
ZWZmZWN0cy1hbmltYXRpb24uZ2wuYXQucGx5Lmdn
cmFmYWJvcnJlMjcuZHVja2Rucy5vcmc=
djIub3Rpc2dyYW5kLmNvbQ==
djMub3Rpc2dyYW5kLmNvbQ==
eGVycnJsb2FkMDgudG9w
YnJlbnR3b29kLW9wZXJhdGljLmNvbQ==
Z2F0ZXguYnJlbnR3b29kLW9wZXJhdGljLmNvbQ==
Z2F0ZXgub3Rpc2dyYW5kLmNvbQ==
c2hvcC5hdHJpc2hvcC54eXo=
dWZlci5yYXZlbnF1ZWxsZS5ydQ==
bXNpMjUuZHlubmFtbi5ydQ==
a2xlZS5yYXZlbnF1ZWxsZS5ydQ==
d2Vpc3MuY2VkYXJiZXJnLnJ1
cGZvdGUuY2VkYXJiZXJnLnJ1
c3R1cm0uY2VkYXJiZXJnLnJ1
a3JvbmUuZnJvc3R3ZWFsZC5ydQ==
dGFsLmZyb3N0d2VhbGQucnU=
bGljaHQuZnJvc3R3ZWFsZC5ydQ==
cnVuZS5hdXJpY2ZsdXNzLnJ1
d2luZC5hdXJpY2ZsdXNzLnJ1
aGFmZW4uYXVyaWNmbHVzcy5ydQ==
ZWljaGUubmVvbmtpZWZlci5ydQ==
bW9vci5uZW9ua2llZmVyLnJ1
Z2xlaXMubmVvbmtpZWZlci5ydQ==
ZmVscy5jb2JhbHRzcG9yZS5ydQ==
dGF1LmNvYmFsdHNwb3JlLnJ1
YmlyY2guY29iYWx0c3BvcmUucnU=
bmFjaHQucXVhcnR6ZnVjaHMucnU=
a2FtbS5xdWFydHpmdWNocy5ydQ==
YWRsZXIucXVhcnR6ZnVjaHMucnU=
Z2x1dC5lbWJlcndlaWRlLnJ1
NGdlZjRrbTQxYXlzYy5jZmMtZXhlY3V0ZS5iai5iYWlkdWJjZS5jb20=
YmFjaC5lbWJlcndlaWRlLnJ1
c3Rlcm4uZW1iZXJ3ZWlkZS5ydQ==
bW9vcy50aHVuZGVyZ3JvdmUucnU=
cGZhZC50aHVuZGVyZ3JvdmUucnU=
d29sa2UudGh1bmRlcmdyb3ZlLnJ1
em9ybi5ib3VsZGVyZmllbGQucnU=
bGljaHQuYm91bGRlcmZpZWxkLnJ1
c3RlaW4uYm91bGRlcmZpZWxkLnJ1
dWZlci50aHJ1c2htZXJlLnJ1
bW9vcy50aHJ1c2htZXJlLnJ1
ZmFsa2UudGhydXNobWVyZS5ydQ==
a29ybi5hc2hyaXZlci5ydQ==
ZmpvcmQuYXNocml2ZXIucnU=
cmF1Y2guYXNocml2ZXIucnU=
cGZhZC55ZXdob2xsb3cucnU=
d2Vpc3MueWV3aG9sbG93LnJ1
bmFjaHQueWV3aG9sbG93LnJ1
aGFmZW4ucm93YW5zdGVhZC5ydQ==
d2FsZC5yb3dhbnN0ZWFkLnJ1
cnVuZS5hY29ybmhvbGxvdy5ydQ==
bmViZWwuYWNvcm5ob2xsb3cucnU=
dWZlci5hY29ybmhvbGxvdy5ydQ==
bW9vcy5pdnl2YWxlLnJ1
Z2xlaXMuaXZ5dmFsZS5ydQ==
YWRsZXIuaXZ5dmFsZS5ydQ==
a2FtbS50aXRhbmJpcmNoLnJ1
dGF1LnRpdGFuYmlyY2gucnU=
Z2xhbnoudGl0YW5iaXJjaC5ydQ==
c3Rlcm4ucGxhdGludW12YWxlLnJ1
ZWljaGUucGxhdGludW12YWxlLnJ1
bW9vci5wbGF0aW51bXZhbGUucnU=
c3RhaGwuZ29sZHRhbG9uLnJ1
a2xlZS5nb2xkdGFsb24ucnU=
c3Rlcm4uYnJpbmV3YWxkLnJ1
bW9vci5icmluZXdhbGQucnU=
aGFmZW4uYnJpbmV3YWxkLnJ1
d2VhbGQuc2xhdGVmYWxrZS5ydQ==
ZG9ybi5zbGF0ZWZhbGtlLnJ1
a3JvbmUuc2xhdGVmYWxrZS5ydQ==
YmxpdHouZWxtZmFsdGVyLnJ1
dGF1LmVsbWZhbHRlci5ydQ==
d29sa2UuZWxtZmFsdGVyLnJ1
a2xlZS53YWxudXRzdGVnLnJ1
cnVuZS53YWxudXRzdGVnLnJ1
YmFjaC53YWxudXRzdGVnLnJ1
ZWljaGUub3J5eGJ1Y2h0LnJ1
ZmVscy5vcnl4YnVjaHQucnU=
bGljaHQub3J5eGJ1Y2h0LnJ1
bmViZWwuZWlkZXJxdWVsbGUucnU=
Z2x1dC5laWRlcnF1ZWxsZS5ydQ==
dWZlci5laWRlcnF1ZWxsZS5ydQ==
aGFyei5mZXJyZXRwZmFkLnJ1
d2Vpc3MuZmVycmV0cGZhZC5ydQ==
ZHNjcmJhN2d2LmxvY2FsdG8ubmV0
YXBwc3VwZGF0ZS54eXo=
YWRsZXIuZmVycmV0cGZhZC5ydQ==
c3Rlcm4uaGVhcnRod2lua2VsLnJ1
Z2xlaXMuaGVhcnRod2lua2VsLnJ1
cmF1Y2guaGVhcnRod2lua2VsLnJ1
a2FtbS5rbm9sbGhhZmVuLnJ1
bW9vci5rbm9sbGhhZmVuLnJ1
ZmpvcmQua25vbGxoYWZlbi5ydQ==
dGF1LnNwcmlna29tcGFzcy5ydQ==
YmlyY2guc3ByaWdrb21wYXNzLnJ1
bGF0LnZyb2xpamtlY3JlYXRpZXMubmw=
bGF0LmhvdGVsc2luamFja3NvbnZpbGxlZmwuY29t
d29sa2Uuc3ByaWdrb21wYXNzLnJ1
b3JiaXQ5LndhcnBjbHV0Y2gucnU=
MGtqMy53YXJwY2x1dGNoLnJ1
c3Bhcmsud2FycGNsdXRjaC5ydQ==
ZHl5LnJhdmVuLWZsdXgucnU=
dHJhY2U0LnJhdmVuLWZsdXgucnU=
c3Bhcms2LnJhdmVuLWZsdXgucnU=
YjcxeWwucHVsc2Vrbm9iLnJ1
Y2VudGF1cnVzdGVybWFzLmNvbQ==
d3d3Lmljb25jb25zdWx0YW50cy5jb20=
cGxheWFyZW5hLnBhZ2VzLmRldg==
bmliLnB1bHNla25vYi5ydQ==
ODR3Ny5wdWxzZWtub2IucnU=
djNreGgubmliLXNuYXAucnU=
bnQzZS5uaWItc25hcC5ydQ==
cmlmdC5uaWItc25hcC5ydQ==
YW5jaG9yLmZvYW1zd2l0Y2gucnU=
YmxpbmsuZm9hbXN3aXRjaC5ydQ==
bDkzci5mb2Ftc3dpdGNoLnJ1
OGFiLnNrZXRjaGxvb20ucnU=
MmVxLnNrZXRjaGxvb20ucnU=
eXg4MC5za2V0Y2hsb29tLnJ1
c2loNC5yYXZlbmZsdXgucnU=
ZGxyLnJhdmVuZmx1eC5ydQ==
dHJhaWwzLnJhdmVuZmx1eC5ydQ==
bm9kZTMuc2tldGNoLWxvb20ucnU=
d2suc2tldGNoLWxvb20ucnU=
M3hoLnNrZXRjaC1sb29tLnJ1
dHJxaW5naGttZS5jeW91
ZG1wLm5ldHNvbHV0aW9ucG9pbnQuY29t
ZHJpdmUubmV0c29sdXRpb25wb2ludC5jb20=
Y2xvdWQubmV0c29sdXRpb25wb2ludC5jb20=
MGkucHVsc2Uta25vYi5ydQ==
bmlnZ2FiamlnZ3kxODQuZHVja2Rucy5vcmc=
cWNxOC5wdWxzZS1rbm9iLnJ1
MXlkMGEucHVsc2Uta25vYi5ydQ==
cXVhcnR6My5xdWFydHotZmxpcC5ydQ==
dmxyLnF1YXJ0ei1mbGlwLnJ1
aGcucXVhcnR6LWZsaXAucnU=
dHJhY2tib3hpbmcuZHludWRkbnMubmV0
ZW52aW9yZW1jb3NhbnRhLmR5bnVkZG5zLm5ldA==
YmVsdWx1bmVsdWJ1a2VrZWtidWVra2tlYmRoaGtla2VramRoZmpkai5kdWNrZG5zLm9yZw==
cDIubmlic25hcC5ydQ==
OWZ3dTQubmlic25hcC5ydQ==
Y3RmLm5pYnNuYXAucnU=
cnN3LmcwYjFuY29yZS5ydQ==
dm16dHMuZzBiMW5jb3JlLnJ1
ZHJvLmcwYjFuY29yZS5ydQ==
Y3Jlc3QuemVyb21pbnQucnU=
ZXJpLnZyb2xpamtlY3JlYXRpZXMubmw=
c2tldGNoLnplcm9taW50LnJ1
OTEuemVyb21pbnQucnU=
MWFwZGUuemVyb21pbnQucnU=
d3N5dS50MW5rZXJiYXkucnU=
ajBneG4udDFua2VyYmF5LnJ1
Zm9hbS50MW5rZXJiYXkucnU=
dml0YXNkcnVkYWxva2lzdG9rLmNvbQ==
cmFja2tsb3VzZGlrc29ubWF1Zi5jb20=
dG9ramlrb2xhZHV0cmFjay5jb20=
Zmx1eDMudDFua2VyYmF5LnJ1
bWFybWFzZC5xcG9u
aW52ZXNnei5xcG9u
ZHJ5d2FicS5xcG9u
Ymxlbm5pYS5xcG9u
YmFzZWRvLmNvdXJzZXM=
aHltZW5yaS5jb3Vyc2Vz
c25vd2Nqdy5jb3Vyc2Vz
Y29udGloby5xcG9u
b3JnaWFlcC5xcG9u
ZGVhY3Rsci5xcG9u
cG9saXR4aC5xcG9u
dHJpbW9jaS5xcG9u
c3VzcGV2YS5xcG9u
bG9vbS5xdWFydHpmbGlwLnJ1
c3Q2LnF1YXJ0emZsaXAucnU=
b3JiaXQucXVhcnR6ZmxpcC5ydQ==
YncucXVhcnR6ZmxpcC5ydQ==
OG5idzYuc2hldnlwcm8uY29t
NjYuc2hldnlwcm8uY29t
cHVsc2Uuc2hldnlwcm8uY29t
YmNpZGFoby5icm9tbGV5aGVhbHRobWFuYWdlbWVudC5jb20=
ZGphLnZyb2xpamtlY3JlYXRpZXMubmw=
ZGphLmhvdGVsc2luamFja3NvbnZpbGxlZmwuY29t
aG92ZXIudHJpY2tpbHlncmV5LmNvbQ==
YmVhY29uNi50cmlja2lseWdyZXkuY29t
YmxpbmsudHJpY2tpbHlncmV5LmNvbQ==
bm9kZTMudHJpY2tpbHlncmV5LmNvbQ==
cmVlY2hlbC5jb20=
aGNtLXRlY2hub2xvZ3kuY29t
d2Vlay11dC5nbC5hdC5wbHkuZ2c=
d3d3LmJsYXppbmdlbGVjdHJpY3ouc3RvcmU=
YWdvc3RvMjAuY29uLWlwLmNvbQ==
YXBpMjUuZGlkbnMucnU=
d3d3LmJsYXppbmdlbGVjdHJpY3ouY29t
d3d3LmJsYXppbmdlbGVjdHJpY3oub25saW5l
NDY1NjY5MTA3Lnh5eg==
Ynl0ZWZsb3dpbmcxMzM3LmdpdGh1Yi5pbw==
b2N0dWJyZTIxMjAyNC5naWl6ZS5jb20=
cGluZ2FueHplbi5zaG9w
cnVwcGVyOS5kdWNrZG5zLm9yZw==
YXBpLmZvb2RieXRlLmNj
YXRyaS5jbGljaw==
Zm9vZGJ5dGUuY24=
c2hvcC5hdHJpLmhlbHA=
aG90ZWxzLWF0bW9zcGhlcmljLmdsLmF0LnBseS5nZw==
cHJvdWQxNy5kdWNrZG5zLm9yZw==
cHJvdWQuZHVja2Rucy5vcmc=
cHJvdWRzb2xkaWVyLmR1Y2tkbnMub3Jn
czUuaW5rdHJhcC5ydQ==
cGhhc2UwLmlua3RyYXAucnU=
Z2xlYW0uaW5rdHJhcC5ydQ==
bHFzdmkuaW5rdHJhcC5ydQ==
cXVhcmsucGFwZXJ2b2x0LnJ1
dXBkYXRlc2Jyb3dzLmFwcA==
YmNpZGFoby4yNDdzdXBwb3J0c29sdXRpb25zLmNvbQ==
YmQucGFwZXJ2b2x0LnJ1
cHVsc2UucGFwZXJ2b2x0LnJ1
bWVzaC5wYXBlcnZvbHQucnU=
ZXMuamF4ZHJpbGwucnU=
bnV0LmpheGRyaWxsLnJ1
d2luZG93cy11cGRhdGVzLWNoZWNrLmNvbQ==
bXVrcGhvbC5jb20=
djEuamF4ZHJpbGwucnU=
Ynl0ZS5qYXhkcmlsbC5ydQ==
dmFsZS56ZW5pdGgtc25hcC5ydQ==
cmlmdC56ZW5pdGgtc25hcC5ydQ==
MDEyLnplbml0aC1zbmFwLnJ1
cXpxLnplbml0aC1zbmFwLnJ1
MDJhdS5lY2hvemlnLnJ1
YzAuZWNob3ppZy5ydQ==
bnouZWNob3ppZy5ydQ==
eHFnbjYuZWNob3ppZy5ydQ==
ZHJpZnQud3JlY2tseS5ydQ==
Z3JpZDYud3JlY2tseS5ydQ==
NHEud3JlY2tseS5ydQ==
N3Iud3JlY2tseS5ydQ==
bG9vbTcuZnIwZ3B1bHNlLnJ1
ZnlpNjcuZnIwZ3B1bHNlLnJ1
bG9vbTMuZnIwZ3B1bHNlLnJ1
NzFmOS5mcjBncHVsc2UucnU=
Y3Jlc3QubWlyYWdlcGFkLnJ1
b3JiaXQxLm1pcmFnZXBhZC5ydQ==
Y3Jlc3Q0Lm1pcmFnZXBhZC5ydQ==
NWNnNzcubWlyYWdlcGFkLnJ1
ZjFvLnR3aXN0bm92YS5ydQ==
c3BhcmtsZS50d2lzdG5vdmEucnU=
dmkudHdpc3Rub3ZhLnJ1
Z2xpZGUudHdpc3Rub3ZhLnJ1
c3V6Lm1pcmFnZS1wYWQucnU=
MnoubWlyYWdlLXBhZC5ydQ==
ZnJxeXQuZ2wtMS10Y2hnYXJkZW4ucnU=
ZGF3LmdsLTEtdGNoZ2FyZGVuLnJ1
Y29yZS5nbC0xLXRjaGdhcmRlbi5ydQ==
eTl3Ny5nbC0xLXRjaGdhcmRlbi5ydQ==
cTFmMXAudHdpc3Qtbm92YS5ydQ==
dXgudHdpc3Qtbm92YS5ydQ==
MnRrdncudHdpc3Qtbm92YS5ydQ==
c2VydmVyLmRjenUuZHBkbnMub3Jn
Z3luYXIudHdpc3Qtbm92YS5ydQ==
cGhhc2UuYmFzaC1nbGlkZXIucnU=
c2hpZnQuYmFzaC1nbGlkZXIucnU=
amV0LmJhc2gtZ2xpZGVyLnJ1
Z3JpZC5iYXNoLWdsaWRlci5ydQ==
bG9vbS52b3J0aWNleWUucnU=
ZWNoby52b3J0aWNleWUucnU=
bm9kZS52b3J0aWNleWUucnU=
ZWNobzkudm9ydGljZXllLnJ1
djNkMS5zdDNlbGZsYXJlLnJ1
dHJhY2Uuc3QzZWxmbGFyZS5ydQ==
eTVpMS5zdDNlbGZsYXJlLnJ1
bm92YTEuc3QzZWxmbGFyZS5ydQ==
dmVjdG9yLnplbml0aHNuYXAucnU=
bm92YS56ZW5pdGhzbmFwLnJ1
NHIxaS56ZW5pdGhzbmFwLnJ1
d2F2ZS56ZW5pdGhzbmFwLnJ1
d2F2ZTYuZ2wxdGNoZ2FyZGVuLnJ1
bHozeS5nbDF0Y2hnYXJkZW4ucnU=
YnA2LmdsMXRjaGdhcmRlbi5ydQ==
bDVzZC5nbDF0Y2hnYXJkZW4ucnU=
MTYuYmFzaGdsaWRlci5ydQ==
OGJnLmJhc2hnbGlkZXIucnU=
cm54Z2MuYmFzaGdsaWRlci5ydQ==
emlsLmJhc2hnbGlkZXIucnU=
a2FtbS5zdGFyZmlhcmUucnU=
d2Vpc3Muc3RhcmZpYXJlLnJ1
Z2xvdy5zdGFyZmlhcmUucnU=
bGljaHQuY2lvdWRicjFuay5ydQ==
emVwaGFsb24uY29t
dGVkYnV0ei5jb20=
bm9ub29ubzEuZHludWRkbnMuY29t
dGhlcmUtdmVuZG9yLmdsLmF0LnBseS5nZw==
YmVuZWZpdHMuY2hlYXBndXlzLmNvbQ==
ZHRhLnZyb2xpamtlY3JlYXRpZXMubmw=
ZHRhLmhvbGlkYXl1a2xhc3RtaW51dGUuY28udWs=
aHVnZm9ybm93LmNvbQ==
ZmFsbG11c2ljZmVzdGl2YWwuY29t
cGF3cHJpbnRzcHVibGlzaGluZ2xsYy5jb20=
bm9yYS1icy5jb20=
ZHJzYXB1dG8uY29t
YWRkaXNhcnRpc3QuY29t
cGJjdXN0b21lcmNhcmUuY29t
ZnJvc3RzaGlsZWRyLmNvbQ==
YWRleXFhLm5ldA==
cXVhc2FyLnlkbnMuZXU=
cmFqYXNhczM1c2FmYWVsMS5kdWNrZG5zLm9yZw==
cHJvZHVjdG9zLmx1eHVyZXN0dWRpaW8uaXQuY29t
NmV3Y3Q0OWcuZHVja2Rucy5vcmc=
aXIuaG9saWRheXN1a2xhc3RtaW51dGUuY28udWs=
aTkuZmFiaWFua29ydGUubmV0
dC52LmhvbGlkYXl1a2xhc3RtaW51dGUuY28udWs=
dGl2LnZyb2xpamtlY3JlYXRpZXMubmw=
cnguZmFiaWFua29ydGUubmV0
cnguaG9saWRheXVrbGFzdG1pbnV0ZS5jby51aw==
cGsuZmFiaWFua29ydGUubmV0
cGsuaG9saWRheXN1a2xhc3RtaW51dGUuY28udWs=
aXIuZmFiaWFua29ydGUubmV0
Ym95bW9kZXIuZGRucy5uZXQ=
Y21ldmVudHMubGl2ZQ==
ZG95YXJrYWlzc2VsYS5jb20=
Z3JvdXBld2FkZXNlY3VyaXR5LmNvbQ==
c2FoYi5jb20ucGs=
dmlyaHRlY2hnbWJoLmNvbQ==
c3BvcnRzc3Rvcmllcy5ncg==
YXJjaGl2ZXMua2F0aG1hbmR1dHJpYnVuZS5jb20=
ZmpvcmQuY2lvdWRicjFuay5ydQ==
Z2Vpc3QuY2lvdWRicjFuay5ydQ==
a2xlZS5lbWJlcnRhcm4ucnU=
cGZhZC5lbWJlcnRhcm4ucnU=
bW9vcy5lbWJlcnRhcm4ucnU=
cnVuZS5pYzBuMWNmb3JnZS5ydQ==
YmlyY2guaWMwbjFjZm9yZ2UucnU=
d29sa2UuaWMwbjFjZm9yZ2UucnU=
ZHQxLmF1dG9tb3Rvc3BvcnQubmV0
YWRzbWFya3MuY29t
cmZhc3QuZHVja2Rucy5vcmc=
dWVmdWFlYmZhdW9ldWcuc3U=
dW9hZW9nYXVoZHVhZGh1Zy5ydQ==
dW9hZW9nYXVoZHVhZGh1Zy5zdQ==
dXNpZnVzdXJmYmJ1Z3VydWYuc3U=
dXNpZnVzdXJmYmJ1Z3VydWcuc3U=
dXNpZnVzdXJmYmJ1Z3VydW8uc3U=
dXNpZnVzdXJmYmJ1Z3VydXguc3U=
d2Rrb3dkb2h3b2RoZmhmZy50bw==
d2Rrb3dkb2h3b2RoZmhmay53cw==
d2Rrb3dkb2h3b2RoZmhmbS50b3A=
d2R1dWZiYXVlZXViZmZnZy50bw==
d2R1dWZiYXVlZXViZmZnay53cw==
d2R1dWZiYXVlZXViZmZnbS50b3A=
b2ZoaHVzcnVnc3JoZ3VyaGYuc3U=
b2ZoaHVzcnVnc3JoZ3VyaGcuc3U=
b2ZoaHVzcnVnc3JoZ3VyaG8uc3U=
b2ZoaHVzcnVnc3JoZ3VyaHguc3U=
b2hzdWZzaXVlc2l1aHVoZ2Yuc3U=
b2hzdWZzaXVlc2l1aHVoZ2cuc3U=
b2hzdWZzaXVlc2l1aHVoZ28uc3U=
b2hzdWZzaXVlc2l1aHVoZ3guc3U=
b2tkb2VrZW9laGdoYW9lZy50bw==
b2tkb2VrZW9laGdoYW9lay53cw==
b2tkb2VrZW9laGdoYW9lbS50b3A=
cGxwYW5haWZoZWFpZ2hhaS5ydQ==
cGxwYW5haWZoZWFpZ2hhaS5zdQ==
cGxwb2l1cGFrbHVka29zYS5ydQ==
cGxwb2l1cGFrbHVka29zYS5zdQ==
c2V1dWZoZWhmdWV1Z2hlZy50bw==
c2V1dWZoZWhmdWV1Z2hlay53cw==
c2V1dWZoZWhmdWV1Z2hlbS50b3A=
c2h1Zm91cmZocnVmaHUuc3U=
c3JnYnN1aXJiZnVidWYuc3U=
dG9va2RkaXdpamRpc3Muc3U=
Z2F1ZXVkYnV3ZGJ1Z3V1Zy50bw==
Z2F1ZXVkYnV3ZGJ1Z3V1ay53cw==
Z2F1ZXVkYnV3ZGJ1Z3V1bS50b3A=
Z2lhZWlqZWlkZ2lldWEuc3U=
Z25uYW5laWVhb2pvYWdpc2Yuc3U=
Z25uYW5laWVhb2pvYWdpc2cuc3U=
Z25uYW5laWVhb2pvYWdpc28uc3U=
Z25uYW5laWVhb2pvYWdpc3guc3U=
aWFlZmlhemVmZ2l6YWdkZ2Yuc3U=
aWFlZmlhemVmZ2l6YWdkZ2cuc3U=
aWFlZmlhemVmZ2l6YWdkZ28uc3U=
aWFlZmlhemVmZ2l6YWdkZ3guc3U=
aWJ1ZmhodW9mb3VhZXMuc3U=
aXVlZmdhdWlhaWR1aWhncy5ydQ==
aXVlZmdhdWlhaWR1aWhncy5zdQ==
a29rc2ZlZ2tvc29lZmguc3U=
bG9waWFvZXVmZ2FlaWQuc3U=
bWFlb2JuYW9lZmhnb2Fqby5ydQ==
bWFlb2JuYW9lZmhnb2Fqby5zdQ==
bmZiYWVpdWRoYWllZGhoZ2Yuc3U=
b2VmaGVhaGZ1ZWdodWguc3U=
b2VoZmVvYXVmaHV1ZnMuc3U=
ZmFmaG9hZm91ZWhmdWguc3U=
ZmF1Z3plYXpkZXpnemdmZy50bw==
ZmF1Z3plYXpkZXpnemdmay53cw==
ZmF1Z3plYXpkZXpnemdmbS50b3A=
ZmVhdWh1ZXVkdWdodXVyZy50bw==
ZmVhdWh1ZXVkdWdodXVyay53cw==
ZmVhdWh1ZXVkdWdodXVybS50b3A=
ZmV1aGRldWhkdWh1ZWhkZy50bw==
ZmV1aGRldWhkdWh1ZWhkay53cw==
ZmhldWhkd2R6d2d6ZGdnZy50bw==
ZmhldWhkd2R6d2d6ZGdnay53cw==
ZmhldWhkd2R6d2d6ZGdnbS50b3A=
Z2FlaWZpdWhlaXVoYXVoZGYuc3U=
Z2FlaWZpdWhlaXVoYXVoZGcuc3U=
Z2FlaWZpdWhlaXVoYXVoZG8uc3U=
Z2FlaWZpdWhlaXVoYXVoZHguc3U=
Z2FldWhhaXVoZmloZWhmc2Yuc3U=
Z2FldWhhaXVoZmloZWhmc2cuc3U=
Z2FldWhhaXVoZmloZWhmc28uc3U=
Z2FldWhhaXVoZmloZWhmc3guc3U=
Z2F1ZWhmZW9oZmVmaHUuc3U=
ZWFmdWV1ZHplZnZlcnJnZy50bw==
ZWFmdWV1ZHplZnZlcnJnay53cw==
ZWFmdWV1ZHplZnZlcnJnbS50b3A=
ZWF1ZWFvZXVmdXVmaHMuc3U=
ZWF1ZWJmdWlhZWZ1Ymcuc3U=
ZWRodWF1ZGh1ZWR1Z3VmZy50bw==
ZWRodWF1ZGh1ZWR1Z3Vmay53cw==
ZWRodWF1ZGh1ZWR1Z3VmbS50b3A=
ZWZhZWR1dmVkdnpmdWZ1Zy50bw==
ZWZhZWR1dmVkdnpmdWZ1ay53cw==
ZWZhZWR1dmVkdnpmdWZ1bS50b3A=
ZWZldWFmdWJldWJhZWZ1Zy50bw==
ZWZldWFmdWJldWJhZWZ1ay53cw==
ZWZldWFmdWJldWJhZWZ1bS50b3A=
ZWZ1aGVydWhkZWhkdWhnZy50bw==
ZWZ1aGVydWhkZWhkdWhnay53cw==
ZWZ1aGVydWhkZWhkdWhnbS50b3A=
ZWd1YmVhdWVmYWV1ZnUuc3U=
ZW91ZmFvZXVob2F1ZW5naS5ydQ==
ZmFldWhvYW9pZWhyaGQuc3U=
YXNoaWhzaWphZWRpYWVoZi5zdQ==
YXVmaGV1YWZvYWhldWYuc3U=
YmFiZmFlaGZ1ZWhmdWguc3U=
YmFlaWFldWVhdWllaXMuc3U=
YmFmYWVqaWRqYWllaGZnc2Yuc3U=
YmFmYWVqaWRqYWllaGZnc2cuc3U=
YmFmYWVqaWRqYWllaGZnc28uc3U=
YmFmYWVqaWRqYWllaGZnc3guc3U=
YmFmYmVpYWhpZ2hnaWkuc3U=
YmJmYWV1dWhmaWFlaGYuc3U=
Ym9vb21hYWh1dW9vb2FwbC5ydQ==
Ym9vb21hYWh1dW9vb2FwbC5zdQ==
YnNpZ3NpZnJydWhoZ2Quc3U=
YnVpZXViZml1ZWJ1dWYuc3U=
ZGVhdWR1YWZ6Z2V6emZnZy50bw==
ZGVhdWR1YWZ6Z2V6emZnay53cw==
ZGVhdWR1YWZ6Z2V6emZnbS50b3A=
ZWFmZnVlYnVkYmV1ZGJiZy50bw==
ZWFmZnVlYnVkYmV1ZGJiay53cw==
ZWFmZnVlYnVkYmV1ZGJibS50b3A=
ZWFmdWViZGJlZGJlZGdnZy50bw==
ZWFmdWViZGJlZGJlZGdnay53cw==
ZWFmdWViZGJlZGJlZGdnbS50b3A=
YWVmb2FoZWZ1YWVoZnUuc3U=
YWVmb2hlYW9mZWZodXUuc3U=
YWVoZmlhaGVpZnVlZGhnc2Yuc3U=
YWVoZmlhaGVpZnVlZGhnc2cuc3U=
YWVoZmlhaGVpZnVlZGhnc28uc3U=
YWVpZnVhZWl1YWZidXUuc3U=
YWVpZ2FlaXpmYWl6ZWYuc3U=
YWVpemlhZXppZWlkaWViZy5ydQ==
YWVpemlhZXppZWlkaWViZy5zdQ==
YWV1YmFlZmVmYnV1c3Muc3U=
YWZ1ZXVmdWVmdWVpZm8uc3U=
YWduZWRpdWFldWlkaGVnc2Yuc3U=
YWduZWRpdWFldWlkaGVnc2cuc3U=
YWduZWRpdWFldWlkaGVnc28uc3U=
YWduZWRpdWFldWlkaGVnc3guc3U=
YW5lb2VhdWhpYXplZ2Zpei5ydQ==
YW5lb2VhdWhpYXplZ2Zpei5zdQ==
YXNoaWhzaWphZWRpYWVoZi5ydQ==
ZmpvcmQubnk0bHA4LnJ1
a2FhcmlzLTI5Mzg0LnBvcnRtYXAuaG9zdA==
Z2F0ZXgubml4dC5pbw==
Z2F0ZXguc29jaWFsbC5pbw==
Z2F0ZXgueG9pbGFjenphenoudHY=
dHNrbGxvb3BzLmRkbnMubmV0
a2FtbS5ueTRscDgucnU=
bW9vcy5ueTRscDgucnU=
Z2xvdy5sMi0xLXcyLnJ1
cnVuZS5sMi0xLXcyLnJ1
Y3JhZnRtYXRyaXguZ2lpemUuY29t
d2FsZC5sMi0xLXcyLnJ1
cmlmdC5yaWZ0Y29nLnJ1
Y2MucmlmdGNvZy5ydQ==
NzkucmlmdGNvZy5ydQ==
dHJhaWwucnVtYmxlLWtpbi5ydQ==
aHd2LnJ1bWJsZS1raW4ucnU=
Ynl0ZS5ydW1ibGUta2luLnJ1
a2FmLmMwc20xY3dlbGQucnU=
Nm00LmMwc20xY3dlbGQucnU=
c3BhcmtsZS5jMHNtMWN3ZWxkLnJ1
dHJhaWw1LnJpZnQtY29nLnJ1
ZGoyb3AucmlmdC1jb2cucnU=
YnVyc3QucmlmdC1jb2cucnU=
N3BscGYuc3ByeXZvbHQucnU=
ZXNhLnNwcnl2b2x0LnJ1
bGFicy5zcHJ5dm9sdC5ydQ==
dHJhaWwzLmtuYWNrcXVpbGwucnU=
Z3Y4LmtuYWNrcXVpbGwucnU=
N3Eua25hY2txdWlsbC5ydQ==
bG9vbTUucnVtYmxla2luLnJ1
bGFicy5lb25saW5lc3VjY2Vzcy5jb20=
aG9zdC13aW5kcy5jb20=
ZWR1LmVvbmxpbmVzdWNjZXNzLmNvbQ==
Y291cnNlcy5lb25saW5lc3VjY2Vzcy5jb20=
aWduaXRlNi5ydW1ibGVraW4ucnU=
cXVhcmsxLnJ1bWJsZWtpbi5ydQ==
dTF5ZWUuc3ByeS12b2x0LnJ1
a3oxN3Uuc3ByeS12b2x0LnJ1
Ymxpbmsuc3ByeS12b2x0LnJ1
YjguYy0wLXNtLTEtY3dlbGQucnU=
Z2d3dy5jLTAtc20tMS1jd2VsZC5ydQ==
djhpbS5jLTAtc20tMS1jd2VsZC5ydQ==
cXVhcms1LmdsaXRjaC1wYWN0LnJ1
ZnlwLmdsaXRjaC1wYWN0LnJ1
MW9sai5nbGl0Y2gtcGFjdC5ydQ==
aGl2OC5wb2x5d2hpei5ydQ==
MnluLnBvbHl3aGl6LnJ1
bm92YTcucG9seXdoaXoucnU=
eGkudjNjdG9ycGx1bS5ydQ==
dmVjdG9yLnYzY3RvcnBsdW0ucnU=
N3F0aS52M2N0b3JwbHVtLnJ1
cTJxLmpvbHRiZXJyeS5ydQ==
Z3JpZC5qb2x0YmVycnkucnU=
Zm9yZ2Uuam9sdGJlcnJ5LnJ1
dmFsZTQuemVuYmxvb20ucnU=
ZzZ1cjQuemVuYmxvb20ucnU=
Y3Jlc3QuemVuYmxvb20ucnU=
dGh2cy5nbGl0Y2hwYWN0LnJ1
c2hpZnQyLmdsaXRjaHBhY3QucnU=
cTZsaHkuZ2xpdGNocGFjdC5ydQ==
MjNqbi5mbHV4Y3JhdGUucnU=
eXEyei5mbHV4Y3JhdGUucnU=
Ynl0ZTIuZmx1eGNyYXRlLnJ1
b2NrLnR1cmJvdGFwLnJ1
NzNrMDMudHVyYm90YXAucnU=
N3dzOWcudHVyYm90YXAucnU=
b2U3MjMuYi0zLWFjb256LnJ1
M285LmItMy1hY29uei5ydQ==
Z3ZoLmItMy1hY29uei5ydQ==
N21qMjAudHVyYm8tdGFwLnJ1
b3JiaXQyLnR1cmJvLXRhcC5ydQ==
bWkudHVyYm8tdGFwLnJ1
Zm9yZ2U5LmNvZGVjb2cucnU=
cnRvLmNvZGVjb2cucnU=
aWIuY29kZWNvZy5ydQ==
ajAuYjNhY29uei5ydQ==
Mm4uYjNhY29uei5ydQ==
eDJ1NHYuYjNhY29uei5ydQ==
cGhhc2U3LnppbWxvb3AucnU=
cTdkai56aW1sb29wLnJ1
amV0LnppbWxvb3AucnU=
a3JrLmhhbGZxdWFyay5ydQ==
NDkwLmhhbGZxdWFyay5ydQ==
OG82LmhhbGZxdWFyay5ydQ==
bWIzLmFjaWR3cmVuY2gucnU=
bG9vbS5hY2lkd3JlbmNoLnJ1
cG9vdW4uYWNpZHdyZW5jaC5ydQ==
YjB0LmRyaWZ0LW1lYWRvdy5ydQ==
YXgyMDI1ODg4OC5jb20=
U3RyZWFtZXJCb25GaXJlLjFjb29sZG5zLmNvbQ==
bWlsb3F1aWxsYS5saW5rcGMubmV0
aHVmaGhmZ2Z1YW5kdW51bmN1ZGNuamRuY2puZGNuamRjaGRoZnVhbi5kdWNrZG5zLm9yZw==
bG9nLXN1cnBsdXMuZ2wuYXQucGx5Lmdn
bjd5LmRyaWZ0LW1lYWRvdy5ydQ==
YnlzcG90aWtmeS5jb20=
aG93ZWxsbGFuZGRldmVsb3BtZW50LmNvbQ==
Zmxvdy5kcmlmdC1tZWFkb3cucnU=
ejN4LmRyaWZ0LW1lYWRvdy5ydQ==
bTJxLnN0b3JtLXJpcHBsZS5ydQ==
cDFrLnN0b3JtLXJpcHBsZS5ydQ==
c3Rvcm15LnN0b3JtLXJpcHBsZS5ydQ==
cjR0LnN0b3JtLXJpcHBsZS5ydQ==
cTV4LmNyeXN0YWxjYXZlcm4ucnU=
djZuLmNyeXN0YWxjYXZlcm4ucnU=
Z2xlYW0uY3J5c3RhbGNhdmVybi5ydQ==
YzJyLmNyeXN0YWxjYXZlcm4ucnU=
czlwLmRyaWZ0bWVhZG93LnJ1
bWVhZG93LmRyaWZ0bWVhZG93LnJ1
bDB2LmRyaWZ0bWVhZG93LnJ1
dzNiLmRyaWZ0bWVhZG93LnJ1
aDd4LmdsaW1tZXJzdG9uZS5ydQ==
cjJtLmdsaW1tZXJzdG9uZS5ydQ==
c3BhcmsuZ2xpbW1lcnN0b25lLnJ1
ZzR2LmdsaW1tZXJzdG9uZS5ydQ==
ZGF3bi5lbWJlcmZyb250aWVyLnJ1
Zjh0LmVtYmVyZnJvbnRpZXIucnU=
cTFyLmVtYmVyZnJvbnRpZXIucnU=
ZW1iZXIuZW1iZXJmcm9udGllci5ydQ==
aDJwLnJpdmVybW90ZS5ydQ==
bjRzLnJpdmVybW90ZS5ydQ==
d2F2ZS5yaXZlcm1vdGUucnU=
dDlkLnJpdmVybW90ZS5ydQ==
ejhuMi5zdDBuZXN1cmdlLnJ1
cmlmdC5zdDBuZXN1cmdlLnJ1
bTVrLnN0MG5lc3VyZ2UucnU=
eDN5LnN0MG5lc3VyZ2UucnU=
cTd6Lm9wYWxob2xsb3cucnU=
Ymxvb20ub3BhbGhvbGxvdy5ydQ==
cjBjLm9wYWxob2xsb3cucnU=
c2hhZG93cXVldWVmbG93LmNvbQ==
bDJ1Lm9wYWxob2xsb3cucnU=
djNuMi5vcGFsLWhvbGxvdy5ydQ==
ZzhmLm9wYWwtaG9sbG93LnJ1
bWlzdC5vcGFsLWhvbGxvdy5ydQ==
cDJxLm9wYWwtaG9sbG93LnJ1
c3VuLmRyaWZ0LWJheS5ydQ==
aG91cnMtbW9ycmlzb24uZ2wuYXQucGx5Lmdn
eDVtLmRyaWZ0LWJheS5ydQ==
azlyMi5kcmlmdC1iYXkucnU=
ZmguemFwLWtpbmV0aWMucnU=
aXFodC56YXAta2luZXRpYy5ydQ==
Y3JvbmFwaXdvcmtlcnN2Yy5jb20=
bzNiLnphcC1raW5ldGljLnJ1
ajZ3ay5neXJvZGVzay5ydQ==
Ym90LndpbmR5Lnd0Zg==
d3d3Lm5mZHdzLnNob3A=
eTNhODEuZ3lyb2Rlc2sucnU=
Y29yZS5neXJvZGVzay5ydQ==
cjU0di5xdTFya2Z1c2UucnU=
Mml6LnF1MXJrZnVzZS5ydQ==
Zmxvc2luanMuY29t
ZWNvLXRlY2huaWMuY29t
MTM3ei5xdTFya2Z1c2UucnU=
Zmx1eC5xdTFya2Z1c2UucnU=
YmxpbmsudjFiM2ZvcmdlLnJ1
Z2xhdWcudjFiM2ZvcmdlLnJ1
eW96LnYxYjNmb3JnZS5ydQ==
dmJxNi52MWIzZm9yZ2UucnU=
ZjlyLnYwcnQzeGxhYi5ydQ==
Z3JpZC52MHJ0M3hsYWIucnU=
dmN2LnYwcnQzeGxhYi5ydQ==
Mm42dy52MHJ0M3hsYWIucnU=
NHltLmd5cm8tZGVzay5ydQ==
aWduaXRlLmd5cm8tZGVzay5ydQ==
YW5jaG9yMC5neXJvLWRlc2sucnU=
enp0by5neXJvLWRlc2sucnU=
Zmlsb2phc3Blcmdsb3BsYXMuY29t
c2lzdGVybm95YmFidXllcmlrbG93LmNvbQ==
Ynl0ZTMuYjF0Y3J1c2gucnU=
YmlrbG9tYW55bW9uZXJ0ZW90ci5jb20=
a2FzaHJ5a2tza2NqZmtrZGtzLmNvbQ==
c2hhZG93cXVldWVmbG93LmNvbQ==
ZGlhcmlvZGV0YXViYXRlcmVnaWFvLmNvbS5icg==
Z3JhbmR0aGwuZ3JhbmR0aGwuY29t
bXBhbm51a3d1bmFhbnVvbW8uZHVja2Rucy5vcmc=
d2lubmluZ2lzYW11c3QyODUuZHVja2Rucy5vcmc=
c3Jnc2l1aGVkdWZpdXNpZi5zdQ==
c3Jnc2l1aGVkdWZpdXN5Lmlu
c3JpdWVkdWVpdWllZmdpZi5zdQ==
c3JpdWVkdWVpdWllZmd5Lmlu
dWFpaGVmaXVpZWFndWdpZi5zdQ==
dXRkaWZndWl6ZGlkaXppZi5zdQ==
dXRkaWZndWl6ZGlkaXp5Lmlu
c2VmdWhzdWlmaGlzaGZmby5ydQ==
c2VmdWhzdWlmaGlzaGZpZi5zdQ==
c2VmdWhzdWlmaGlzaGZ5Lmlu
c2VpaWFtZWZpYWlnYWVpZi5zdQ==
c2VpaWFtZWZpYWlnYWV5Lmlu
c2ZpdXNoaXVkbmVpbmVpZi5zdQ==
c2ZpdXNoaXVkbmVpbmV5Lmlu
c2Z1aHNlaWR1ZWlpaGZpZi5zdQ==
c2Z1aHNlaWR1ZWlpaGZ5Lmlu
c2lyZnVoc2loZml1Z3JpZi5zdQ==
c2lyZnVoc2loZml1Z3J5Lmlu
c2lzZml1c25yc3J1aXNpZi5zdQ==
c2l1ZmhzZWlmaHVyZ3JpZi5zdQ==
c2l1ZmhzZWlmaHVyZ3J5Lmlu
c25kaXVlbmlkbml1ZWlpZi5zdQ==
c29pam9kbmVvaWF1b2VpZi5zdQ==
c3Jnc2lmaWpzamlnamhpZi5zdQ==
c3Jnc2lmaWpzamlnamh5Lmlu
b2ZlaWRlaW5pZWdoaWh5Lmlu
Zml1ZWFmbnVpZW5pdWFpZi5zdQ==
Zml1ZWFmbnVpZW5pdWF5Lmlu
Zml1ZWhpYXVlaWZ1aWlpZi5zdQ==
Zml1ZWhpYXVlaWZ1aWl5Lmlu
Zm5hdWVuZGFpZWdoaWRpZi5zdQ==
ZnNvdWZzZWZlbnVnbnVpZi5zdQ==
ZnNvdWZzZWZlbnVnbnV5Lmlu
Z2l1ZWRpYXVkbnVkdW5pZi5zdQ==
aWFuZGl3dWl3bm51Z3VpZi5zdQ==
aWFuZGl3dWl3bm51Z3V5Lmlu
aWZ1aGFlaXVhZXVpZ3JpZi5zdQ==
aWZ1aGFlaXVhZXVpZ3J5Lmlu
aXVzcmhpdWZoc2lydXJpZi5zdQ==
b2ZlaWRlaW5pZWdoaWhpZi5zdQ==
Ym90Ym94LnN1
ZGlvd2l3aWl3aW5maWZpZi5zdQ==
ZGlvd2l3aWl3aW5maWZ5Lmlu
ZWFvamVmaXVhdWd1ZXVpZi5zdQ==
ZWlvZWl1ZnVpc2VmbmlpZi5zdQ==
ZWl1ZmhpZWRuaXVuZWdpZi5zdQ==
ZWl1ZmhpZWRuaXVuZWd5Lmlu
ZmZvZWVmc2hldWVzaWhpZi5zdQ==
Zmllb29lb2FmaGVpZmlpZi5zdQ==
ZmlzaWVqZGFqaWplamdpZi5zdQ==
ZmlzaWVqZGFqaWplamd5Lmlu
Ym90LnRob3JjYy5uZXQ=
Y25jLmVyZWJ1c2MyLm9ubGluZQ==
b25seXN1bnNldC5jbHVi
bGlzdGluZy1icmFjZWxldHMuZ2wuYXQucGx5Lmdn
bWlsb3F1aWxsYS5kZG5zLm5ldA==
djIueG9pbGFjenphenoudHY=
djMueG9pbGFjenphenoudHY=
enMuYjF0Y3J1c2gucnU=
YzliOHYuYjF0Y3J1c2gucnU=
d2tjazQuYjF0Y3J1c2gucnU=
Nmg3cy5wcm94eWpldC5ydQ==
aTAucHJveHlqZXQucnU=
b3JiaXQucHJveHlqZXQucnU=
Mm00Mi5wcm94eWpldC5ydQ==
c2hpZnQuZ3lyb2Rlc2sucnU=
NW55by56YXAta2luZXRpYy5ydQ==
Y29tcHV0ZXItdGFibGUuZ2wuYXQucGx5Lmdn
bzVyLnphcC1raW5ldGljLnJ1
aDBwOS56YXAta2luZXRpYy5ydQ==
bm9kZTMucHJveHlqZXQucnU=
cGhhc2U3LnByb3h5amV0LnJ1
MXQxdjUucHJveHlqZXQucnU=
dmEuZGVsdGFzeW5jLnJ1
bG9vbS5kZWx0YXN5bmMucnU=
bW4uZGVsdGFzeW5jLnJ1
YWsua2Fpcm9zbWl4LnJ1
OGYycS5rYWlyb3NtaXgucnU=
cGhhc2U1LmthaXJvc21peC5ydQ==
eHh6dS5wbHVtLXdhdi1ydS5ydQ==
cDZiLnBsdW0td2F2LXJ1LnJ1
Y2cucGx1bS13YXYtcnUucnU=
cmlmdC56YXBraW5ldGljLnJ1
Y3djLnphcGtpbmV0aWMucnU=
dmVjdG9yLnphcGtpbmV0aWMucnU=
ZHJpZnQuYnJhbWJsZWhvbHQucnU=
aXJjcS5icmFtYmxlaG9sdC5ydQ==
cjBxLmJyYW1ibGVob2x0LnJ1
bWljcm9zb2Z0LXNjaHRhc2suY29t
Y3NzdGF0dXMuMG5saW5lY2MuY29t
YmFjay5zb2Z0d2FyZWNvbW1lcmNlLm5ldA==
YmFja29mZmljZS5zb2Z0d2FyZWNvbW1lcmNlLm5ldA==
YXBpLnNvZnR3YXJlY29tbWVyY2UubmV0
MjEuc3Rvcm1jYWlybi5ydQ==
dDd4LnN0b3JtY2Fpcm4ucnU=
cmNoaDAuc3Rvcm1jYWlybi5ydQ==
YnJvb2suZW1iZXItZ2xhZGUucnU=
YmwyZXUuZW1iZXItZ2xhZGUucnU=
cXBuLmVtYmVyLWdsYWRlLnJ1
Z2xlbi5nMGxkZW5zcGlyZS5ydQ==
ZGZoLmcwbGRlbnNwaXJlLnJ1
bGhmLmcwbGRlbnNwaXJlLnJ1
MDRjay5mcjBzdGhhcnJvdy5ydQ==
c2hhZGUuZnIwc3RoYXJyb3cucnU=
dmxyYnEuZnIwc3RoYXJyb3cucnU=
Zmxvb2QuaW5r
ZjUubmlnaHQtYmxvb20ucnU=
Z2xhZGUubmlnaHQtYmxvb20ucnU=
MHRpLm5pZ2h0LWJsb29tLnJ1
ZW1iZXIuc2g0ZDB3bWVyZS5ydQ==
dGhvcm4uc2g0ZDB3bWVyZS5ydQ==
ZG5zb2tzYXNhNDI0MjQuZHludWRkbnMuY29t
ZG5zYWxhaHNvc28ub25saW5l
ZGF1OG9qaXJlN3Bhb3NyMy5kdWNrZG5zLm9yZw==
ZGF1OG9qaXJlN3Bhb3NyNC5kdWNrZG5zLm9yZw==
ZGF1OG9qaXJlN3Bhb3NyMS5kdWNrZG5zLm9yZw==
ZGF1OG9qaXJlN3Bhb3NyMi5kdWNrZG5zLm9yZw==
aGFoaGFoYWhkYXVoLTQ2Njk4LnBvcnRtYXAuaG9zdA==
Y2hvaWNlLXRob21wc29uLmdsLmF0LnBseS5nZw==
d3d3Lm5vdmFtaW50LndlYnNpdGU=
d3d3LnRoZWNpcGhlcmEueHl6
d3d3LmNsZWFyYWlyd2F5czFzdC5uZXQ=
d3d3LmZveGJldDY5Lm9ubGluZQ==
d3d3LnJvY2tldGthdmEueHl6
d3d3Lm5vbmFtZXNtcy5vbmxpbmU=
d3d3LnRyYXplby50b3A=
d3d3LmJ1eW15ZG9tYWluLnRvZGF5
c2VjcmV0LWFwaS5mZXJpd2FhbGUuY29t
YWsxLnhpbmd4aW5ncy5jYw==
bHVtZW4uc2g0ZDB3bWVyZS5ydQ==
cGlrZS5jaTJ1ZGZvcmdlLnJ1
bW9vci5jaTJ1ZGZvcmdlLnJ1
bnhlLmNpMnVkZm9yZ2UucnU=
aHNldy5tMXN0d2FuZGVyLnJ1
Y3Jlc3QubTFzdHdhbmRlci5ydQ==
aGF6ZS5tMXN0d2FuZGVyLnJ1
anA2LmljMG4xY3Nob3JlLnJ1
ZHlnbjguaWMwbjFjc2hvcmUucnU=
YW04OS5pYzBuMWNzaG9yZS5ydQ==
dDAuZW1iZXJnbGFkZS5ydQ==
c2lsdmVyLmVtYmVyZ2xhZGUucnU=
MzIuZW1iZXJnbGFkZS5ydQ==
N2U4Zy5icmFtYmxlZm9yZ2UucnU=
